Archive member included to satisfy reference by file (symbol)

/opt/devkitpro/libnx/lib/libnx.a(applet.o)
                              main.o (appletMainLoop)
/opt/devkitpro/libnx/lib/libnx.a(sm.o)
                              /opt/devkitpro/libnx/lib/libnx.a(applet.o) (smGetServiceWrapper)
/opt/devkitpro/libnx/lib/libnx.a(diag.o)
                              /opt/devkitpro/libnx/lib/libnx.a(applet.o) (diagAbortWithResult)
/opt/devkitpro/libnx/lib/libnx.a(env.o)
                              /opt/devkitpro/libnx/lib/libnx.a(applet.o) (envIsNso)
/opt/devkitpro/libnx/lib/libnx.a(hosversion.o)
                              /opt/devkitpro/libnx/lib/libnx.a(applet.o) (hosversionGet)
/opt/devkitpro/libnx/lib/libnx.a(pad.o)
                              main.o (padConfigureInput)
/opt/devkitpro/libnx/lib/libnx.a(console.o)
                              main.o (consoleInit)
/opt/devkitpro/libnx/lib/libnx.a(console_sw.o)
                              /opt/devkitpro/libnx/lib/libnx.a(console.o) (getDefaultConsoleRenderer)
/opt/devkitpro/libnx/lib/libnx.a(svc.o)
                              /opt/devkitpro/libnx/lib/libnx.a(applet.o) (svcExitProcess)
/opt/devkitpro/libnx/lib/libnx.a(switch_crt0.o)
                              (_start)
/opt/devkitpro/libnx/lib/libnx.a(default_font.bin.o)
                              /opt/devkitpro/libnx/lib/libnx.a(console.o) (default_font_bin)
/opt/devkitpro/libnx/lib/libnx.a(event.o)
                              /opt/devkitpro/libnx/lib/libnx.a(applet.o) (eventLoadRemote)
/opt/devkitpro/libnx/lib/libnx.a(mutex.o)
                              /opt/devkitpro/libnx/lib/libnx.a(applet.o) (mutexLock)
/opt/devkitpro/libnx/lib/libnx.a(tmem.o)
                              /opt/devkitpro/libnx/lib/libnx.a(applet.o) (tmemCreate)
/opt/devkitpro/libnx/lib/libnx.a(virtmem.o)
                              /opt/devkitpro/libnx/lib/libnx.a(tmem.o) (virtmemLock)
/opt/devkitpro/libnx/lib/libnx.a(wait.o)
                              /opt/devkitpro/libnx/lib/libnx.a(applet.o) (waitObjects)
/opt/devkitpro/libnx/lib/libnx.a(apm.o)
                              /opt/devkitpro/libnx/lib/libnx.a(applet.o) (apmInitialize)
/opt/devkitpro/libnx/lib/libnx.a(hid.o)
                              /opt/devkitpro/libnx/lib/libnx.a(pad.o) (hidGetNpadStyleSet)
/opt/devkitpro/libnx/lib/libnx.a(default_window.o)
                              /opt/devkitpro/libnx/lib/libnx.a(console_sw.o) (nwindowGetDefault)
/opt/devkitpro/libnx/lib/libnx.a(framebuffer.o)
                              /opt/devkitpro/libnx/lib/libnx.a(console_sw.o) (framebufferMakeLinear)
/opt/devkitpro/libnx/lib/libnx.a(native_window.o)
                              /opt/devkitpro/libnx/lib/libnx.a(framebuffer.o) (nwindowIsValid)
/opt/devkitpro/libnx/lib/libnx.a(alloc.o)
                              /opt/devkitpro/libnx/lib/libnx.a(virtmem.o) (__libnx_alloc)
/opt/devkitpro/libnx/lib/libnx.a(argv.o)
                              /opt/devkitpro/libnx/lib/libnx.a(switch_crt0.o) (__system_argc)
/opt/devkitpro/libnx/lib/libnx.a(dynamic.o)
                              /opt/devkitpro/libnx/lib/libnx.a(switch_crt0.o) (__nx_dynamic)
/opt/devkitpro/libnx/lib/libnx.a(init.o)
                              /opt/devkitpro/libnx/lib/libnx.a(switch_crt0.o) (__libnx_init)
/opt/devkitpro/libnx/lib/libnx.a(newlib.o)
                              /opt/devkitpro/libnx/lib/libnx.a(init.o) (__libnx_init_time)
/opt/devkitpro/libnx/lib/libnx.a(nxlink.o)
                              /opt/devkitpro/libnx/lib/libnx.a(argv.o) (nxlinkSetup)
/opt/devkitpro/libnx/lib/libnx.a(fs_dev.o)
                              /opt/devkitpro/libnx/lib/libnx.a(init.o) (fsdevMountSdmc)
/opt/devkitpro/libnx/lib/libnx.a(path_buf.o)
                              /opt/devkitpro/libnx/lib/libnx.a(fs_dev.o) (__nx_dev_path_buf)
/opt/devkitpro/libnx/lib/libnx.a(decode_utf8.o)
                              /opt/devkitpro/libnx/lib/libnx.a(fs_dev.o) (decode_utf8)
/opt/devkitpro/libnx/lib/libnx.a(cache.o)
                              /opt/devkitpro/libnx/lib/libnx.a(framebuffer.o) (armDCacheFlush)
/opt/devkitpro/libnx/lib/libnx.a(exception.o)
                              /opt/devkitpro/libnx/lib/libnx.a(switch_crt0.o) (__libnx_exception_entry)
/opt/devkitpro/libnx/lib/libnx.a(readtp.o)
                              /opt/devkitpro/libnx/lib/libnx.a(fs_dev.o) (__aarch64_read_tp)
/opt/devkitpro/libnx/lib/libnx.a(condvar.o)
                              /opt/devkitpro/libnx/lib/libnx.a(newlib.o) (condvarWaitTimeout)
/opt/devkitpro/libnx/lib/libnx.a(random.o)
                              /opt/devkitpro/libnx/lib/libnx.a(virtmem.o) (randomGet64)
/opt/devkitpro/libnx/lib/libnx.a(shmem.o)
                              /opt/devkitpro/libnx/lib/libnx.a(hid.o) (shmemLoadRemote)
/opt/devkitpro/libnx/lib/libnx.a(thread.o)
                              /opt/devkitpro/libnx/lib/libnx.a(init.o) (__libnx_init_thread)
/opt/devkitpro/libnx/lib/libnx.a(fs.o)
[...]
Memory Configuration

Name             Origin             Length             Attributes
*default*        0x0000000000000000 0xffffffffffffffff

Linker script and memory map

                0x0000000000000000                PROVIDE (__start__ = 0x0)
                0x0000000000000000                . = __start__
                [!provide]                        PROVIDE (__code_start = .)

.text           0x0000000000000000    0x2b988
 *(.crt0)
 .crt0          0x0000000000000000      0x124 /opt/devkitpro/libnx/lib/libnx.a(switch_crt0.o)
                0x0000000000000000                _start
                0x00000000000000e0                __nx_exit
                0x00000000000000f0                __nx_mod0
 *(.text.unlikely .text.*_unlikely .text.unlikely.*)
 *(.text.exit .text.exit.*)
 *fill*         0x0000000000000124        0xc 
 .text.exit     0x0000000000000130       0x34 /opt/devkitpro/devkitA64/bin/../lib/gcc/aarch64-none-elf/13.2.0/../../../../aarch64-none-elf/lib/pic/libg.a(libc_a-exit.o)
                0x0000000000000130                exit
 *(.text.startup .text.startup.*)
 *fill*         0x0000000000000164        0xc 
 .text.startup.main
                0x0000000000000170      0x1ec main.o
                0x0000000000000170                main
 *(.text.hot .text.hot.*)
 *(.text .stub .text.* .gnu.linkonce.t.*)
 *fill*         0x000000000000035c        0x4 
 .text.__do_global_dtors_aux
                0x0000000000000360       0x44 /opt/devkitpro/devkitA64/bin/../lib/gcc/aarch64-none-elf/13.2.0/pic/crtbegin.o
 *fill*         0x00000000000003a4        0xc 
 .text.frame_dummy
                0x00000000000003b0       0x24 /opt/devkitpro/devkitA64/bin/../lib/gcc/aarch64-none-elf/13.2.0/pic/crtbegin.o
 *fill*         0x00000000000003d4        0xc 
 .text._Z6RenamePKcS0_
                0x00000000000003e0       0x50 main.o
                0x00000000000003e0                Rename(char const*, char const*)
 .text._appletInfiniteSleepLoop
                0x0000000000000430       0x24 /opt/devkitpro/libnx/lib/libnx.a(applet.o)
 *fill*         0x0000000000000454        0xc 
 .text._appletCmdGetSession
                0x0000000000000460      0x108 /opt/devkitpro/libnx/lib/libnx.a(applet.o)
 *fill*         0x0000000000000568        0x8 
 .text._appletCmdInU8NoOut
                0x0000000000000570       0xcc /opt/devkitpro/libnx/lib/libnx.a(applet.o)
 *fill*         0x000000000000063c        0x4 
 .text._appletGetLaunchReason
                0x0000000000000640      0x104 /opt/devkitpro/libnx/lib/libnx.a(applet.o)
 *fill*         0x0000000000000744        0xc 
 .text._appletSetFocusHandlingMode
                0x0000000000000750       0xe4 /opt/devkitpro/libnx/lib/libnx.a(applet.o)
 *fill*         0x0000000000000834        0xc 
 .text._appletCmdInU32NoOut
                0x0000000000000840       0xcc /opt/devkitpro/libnx/lib/libnx.a(applet.o)
 *fill*         0x000000000000090c        0x4 
 .text._appletGetSessionProxy.constprop.0
                0x0000000000000910      0x138 /opt/devkitpro/libnx/lib/libnx.a(applet.o)
 *fill*         0x0000000000000a48        0x8 
 .text._appletOpenLibraryAppletProxy.constprop.0
                0x0000000000000a50      0x154 /opt/devkitpro/libnx/lib/libnx.a(applet.o)
 *fill*         0x0000000000000ba4        0xc 
 .text._appletCmdGetHandle.constprop.0.isra.0
                0x0000000000000bb0       0xd0 /opt/devkitpro/libnx/lib/libnx.a(applet.o)
 .text._appletCmdNoInOutU8.isra.0
                0x0000000000000c80       0xd4 /opt/devkitpro/libnx/lib/libnx.a(applet.o)
 *fill*         0x0000000000000d54        0xc 
 .text._appletCmdNoInOutU32.isra.0
                0x0000000000000d60       0xd4 /opt/devkitpro/libnx/lib/libnx.a(applet.o)
 *fill*         0x0000000000000e34        0xc 
 .text._appletCmdNoInOutU64.isra.0
                0x0000000000000e40       0xd4 /opt/devkitpro/libnx/lib/libnx.a(applet.o)
 *fill*         0x0000000000000f14        0xc 
 .text._appletCmdNoIO.isra.0
                0x0000000000000f20       0xc0 /opt/devkitpro/libnx/lib/libnx.a(applet.o)
 .text.appletGetAppletType
                0x0000000000000fe0       0x10 /opt/devkitpro/libnx/lib/libnx.a(applet.o)
                0x0000000000000fe0                appletGetAppletType
 .text.appletSetFocusHandlingMode
                0x0000000000000ff0      0x114 /opt/devkitpro/libnx/lib/libnx.a(applet.o)
                0x0000000000000ff0                appletSetFocusHandlingMode
 *fill*         0x0000000000001104        0xc 
 .text.appletSetCpuBoostMode
                0x0000000000001110       0x5c /opt/devkitpro/libnx/lib/libnx.a(applet.o)
                0x0000000000001110                appletSetCpuBoostMode
 *fill*         0x000000000000116c        0x4 
 .text.appletCreateManagedDisplayLayer
                0x0000000000001170       0x2c /opt/devkitpro/libnx/lib/libnx.a(applet.o)
                0x0000000000001170                appletCreateManagedDisplayLayer
 *fill*         0x000000000000119c        0x4 
 .text.appletGetAppletResourceUserId
                0x00000000000011a0        0xc /opt/devkitpro/libnx/lib/libnx.a(applet.o)
                0x00000000000011a0                appletGetAppletResourceUserId
 *fill*         0x00000000000011ac        0x4 
 .text._appletGetIndirectLayerConsumerHandle
                0x00000000000011b0       0xf4 /opt/devkitpro/libnx/lib/libnx.a(applet.o)
 *fill*         0x00000000000012a4        0xc 
 .text._appletHolderCreateState
                0x00000000000012b0       0x88 /opt/devkitpro/libnx/lib/libnx.a(applet.o)
 *fill*         0x0000000000001338        0x8 
 .text.appletHolderClose
                0x0000000000001340       0xac /opt/devkitpro/libnx/lib/libnx.a(applet.o)
                0x0000000000001340                appletHolderClose
 *fill*         0x00000000000013ec        0x4 
 .text.appletHolderGetLibraryAppletInfo
                0x00000000000013f0       0x24 /opt/devkitpro/libnx/lib/libnx.a(applet.o)
                0x00000000000013f0                appletHolderGetLibraryAppletInfo
 *fill*         0x0000000000001414        0xc 
 .text.appletNotifyRunning
                0x0000000000001420       0x90 /opt/devkitpro/libnx/lib/libnx.a(applet.o)
                0x0000000000001420                appletNotifyRunning
 .text.appletSetGamePlayRecordingState
                0x00000000000014b0       0x8c /opt/devkitpro/libnx/lib/libnx.a(applet.o)
                0x00000000000014b0                appletSetGamePlayRecordingState
 *fill*         0x000000000000153c        0x4 
 .text._appletCleanup
                0x0000000000001540      0xad4 /opt/devkitpro/libnx/lib/libnx.a(applet.o)
 *fill*         0x0000000000002014        0xc 
 .text.appletExit
                0x0000000000002020       0x44 /opt/devkitpro/libnx/lib/libnx.a(applet.o)
                0x0000000000002020                appletExit
 *fill*         0x0000000000002064        0xc 
 .text.appletGetLibraryAppletInfo
                0x0000000000002070       0x40 /opt/devkitpro/libnx/lib/libnx.a(applet.o)
                0x0000000000002070                appletGetLibraryAppletInfo
 .text.appletInitialize
                0x00000000000020b0      0xa94 /opt/devkitpro/libnx/lib/libnx.a(applet.o)
                0x00000000000020b0                appletInitialize
 *fill*         0x0000000000002b44        0xc 
 .text._appletExitProcess
                0x0000000000002b50       0x24 /opt/devkitpro/libnx/lib/libnx.a(applet.o)
 *fill*         0x0000000000002b74        0xc 
 .text.appletGetMessage
                0x0000000000002b80       0x74 /opt/devkitpro/libnx/lib/libnx.a(applet.o)
                0x0000000000002b80                appletGetMessage
 *fill*         0x0000000000002bf4        0xc 
 .text.appletProcessMessage
                0x0000000000002c00      0x28c /opt/devkitpro/libnx/lib/libnx.a(applet.o)
                0x0000000000002c00                appletProcessMessage
 *fill*         0x0000000000002e8c        0x4 
 .text.appletMainLoop
                0x0000000000002e90       0x34 /opt/devkitpro/libnx/lib/libnx.a(applet.o)
                0x0000000000002e90                appletMainLoop
 *fill*         0x0000000000002ec4        0xc 
 .text._smCmifCmdInPid
                0x0000000000002ed0       0xd0 /opt/devkitpro/libnx/lib/libnx.a(sm.o)
 .text._smCleanup
                0x0000000000002fa0       0x68 /opt/devkitpro/libnx/lib/libnx.a(sm.o)
 *fill*         0x0000000000003008        0x8 
 .text.smAddOverrideHandle
                0x0000000000003010       0x48 /opt/devkitpro/libnx/lib/libnx.a(sm.o)
                0x0000000000003010                smAddOverrideHandle
 *fill*         0x0000000000003058        0x8 
 .text.smGetServiceOverride
                0x0000000000003060       0x54 /opt/devkitpro/libnx/lib/libnx.a(sm.o)
                0x0000000000003060                smGetServiceOverride
 *fill*         0x00000000000030b4        0xc 
 .text.smInitialize
                0x00000000000030c0      0x1c0 /opt/devkitpro/libnx/lib/libnx.a(sm.o)
                0x00000000000030c0                smInitialize
 .text.smExit   0x0000000000003280       0x44 /opt/devkitpro/libnx/lib/libnx.a(sm.o)
                0x0000000000003280                smExit
 *fill*         0x00000000000032c4        0xc 
 .text.smGetServiceOriginal
                0x00000000000032d0       0xd0 /opt/devkitpro/libnx/lib/libnx.a(sm.o)
                0x00000000000032d0                smGetServiceOriginal
 .text.smGetServiceWrapper
                0x00000000000033a0      0x120 /opt/devkitpro/libnx/lib/libnx.a(sm.o)
                0x00000000000033a0                smGetServiceWrapper
 .text.diagAbortWithResult
                0x00000000000034c0       0x1c /opt/devkitpro/libnx/lib/libnx.a(diag.o)
                0x00000000000034c0                diagAbortWithResult
 *fill*         0x00000000000034dc        0x4 
 .text.envSetup
                0x00000000000034e0      0x208 /opt/devkitpro/libnx/lib/libnx.a(env.o)
                0x00000000000034e0                envSetup
 *fill*         0x00000000000036e8        0x8 
 .text.envGetMainThreadHandle
                0x00000000000036f0       0x20 /opt/devkitpro/libnx/lib/libnx.a(env.o)
                0x00000000000036f0                envGetMainThreadHandle
 .text.envIsNso
                0x0000000000003710        0xc /opt/devkitpro/libnx/lib/libnx.a(env.o)
                0x0000000000003710                envIsNso
 *fill*         0x000000000000371c        0x4 
 .text.envHasHeapOverride
                0x0000000000003720       0x14 /opt/devkitpro/libnx/lib/libnx.a(env.o)
                0x0000000000003720                envHasHeapOverride
 *fill*         0x0000000000003734        0xc 
 .text.envGetHeapOverrideAddr
                0x0000000000003740        0xc /opt/devkitpro/libnx/lib/libnx.a(env.o)
                0x0000000000003740                envGetHeapOverrideAddr
 *fill*         0x000000000000374c        0x4 
 .text.envGetHeapOverrideSize
                0x0000000000003750        0xc /opt/devkitpro/libnx/lib/libnx.a(env.o)
                0x0000000000003750                envGetHeapOverrideSize
 *fill*         0x000000000000375c        0x4 
 .text.envHasArgv
                0x0000000000003760       0x14 /opt/devkitpro/libnx/lib/libnx.a(env.o)
                0x0000000000003760                envHasArgv
 *fill*         0x0000000000003774        0xc 
 .text.envGetArgv
                0x0000000000003780        0xc /opt/devkitpro/libnx/lib/libnx.a(env.o)
                0x0000000000003780                envGetArgv
 *fill*         0x000000000000378c        0x4 
 .text.envGetExitFuncPtr
                0x0000000000003790        0xc /opt/devkitpro/libnx/lib/libnx.a(env.o)
                0x0000000000003790                envGetExitFuncPtr
 *fill*         0x000000000000379c        0x4 
 .text.envSetExitFuncPtr
                0x00000000000037a0        0xc /opt/devkitpro/libnx/lib/libnx.a(env.o)
                0x00000000000037a0                envSetExitFuncPtr
 *fill*         0x00000000000037ac        0x4 
 .text.envHasRandomSeed
                0x00000000000037b0        0xc /opt/devkitpro/libnx/lib/libnx.a(env.o)
                0x00000000000037b0                envHasRandomSeed
 *fill*         0x00000000000037bc        0x4 
 .text.envGetRandomSeed
                0x00000000000037c0       0x10 /opt/devkitpro/libnx/lib/libnx.a(env.o)
                0x00000000000037c0                envGetRandomSeed
 .text.hosversionGet
                0x00000000000037d0       0x14 /opt/devkitpro/libnx/lib/libnx.a(hosversion.o)
                0x00000000000037d0                hosversionGet
 *fill*         0x00000000000037e4        0xc 
 .text.hosversionSet
                0x00000000000037f0       0x10 /opt/devkitpro/libnx/lib/libnx.a(hosversion.o)
                0x00000000000037f0                hosversionSet
 .text._padUpdateWithCommonState
                0x0000000000003800       0x5c /opt/devkitpro/libnx/lib/libnx.a(pad.o)
 *fill*         0x000000000000385c        0x4 
 .text.padConfigureInput
                0x0000000000003860       0x9c /opt/devkitpro/libnx/lib/libnx.a(pad.o)
                0x0000000000003860                padConfigureInput
 *fill*         0x00000000000038fc        0x4 
 .text.padInitializeWithMask
                0x0000000000003900       0x24 /opt/devkitpro/libnx/lib/libnx.a(pad.o)
                0x0000000000003900                padInitializeWithMask
 *fill*         0x0000000000003924        0xc 
 .text.padUpdate
                0x0000000000003930      0x240 /opt/devkitpro/libnx/lib/libnx.a(pad.o)
                0x0000000000003930                padUpdate
 .text.consoleDrawChar
                0x0000000000003b70       0x48 /opt/devkitpro/libnx/lib/libnx.a(console.o)
 *fill*         0x0000000000003bb8        0x8 
 .text.parseColor
                0x0000000000003bc0      0x20c /opt/devkitpro/libnx/lib/libnx.a(console.o)
 *fill*         0x0000000000003dcc        0x4 
 .text.consoleNewRow
                0x0000000000003dd0       0xb0 /opt/devkitpro/libnx/lib/libnx.a(console.o)
 .text.con_write
                0x0000000000003e80      0xc98 /opt/devkitpro/libnx/lib/libnx.a(console.o)
 *fill*         0x0000000000004b18        0x8 
 .text.consoleInit
                0x0000000000004b20      0x154 /opt/devkitpro/libnx/lib/libnx.a(console.o)
                0x0000000000004b20                consoleInit
 *fill*         0x0000000000004c74        0xc 
 .text.consoleExit
                0x0000000000004c80       0x48 /opt/devkitpro/libnx/lib/libnx.a(console.o)
                0x0000000000004c80                consoleExit
 *fill*         0x0000000000004cc8        0x8 
 .text.consoleUpdate
                0x0000000000004cd0       0x2c /opt/devkitpro/libnx/lib/libnx.a(console.o)
                0x0000000000004cd0                consoleUpdate
 *fill*         0x0000000000004cfc        0x4 
 .text.ConsoleSwRenderer_drawChar
                0x0000000000004d00      0x1c8 /opt/devkitpro/libnx/lib/libnx.a(console_sw.o)
 *fill*         0x0000000000004ec8        0x8 
 .text.ConsoleSwRenderer_init
                0x0000000000004ed0       0xf8 /opt/devkitpro/libnx/lib/libnx.a(console_sw.o)
 *fill*         0x0000000000004fc8        0x8 
 .text.ConsoleSwRenderer_flushAndSwap
                0x0000000000004fd0       0x70 /opt/devkitpro/libnx/lib/libnx.a(console_sw.o)
 .text.ConsoleSwRenderer_scrollWindow
                0x0000000000005040       0xd0 /opt/devkitpro/libnx/lib/libnx.a(console_sw.o)
 .text.ConsoleSwRenderer_deinit
                0x0000000000005110       0x4c /opt/devkitpro/libnx/lib/libnx.a(console_sw.o)
 *fill*         0x000000000000515c        0x4 
 .text.getDefaultConsoleRenderer
                0x0000000000005160        0xc /opt/devkitpro/libnx/lib/libnx.a(console_sw.o)
                0x0000000000005160                getDefaultConsoleRenderer
 .text.svcSetHeapSize
                0x000000000000516c       0x14 /opt/devkitpro/libnx/lib/libnx.a(svc.o)
                0x000000000000516c                svcSetHeapSize
 .text.svcSetMemoryPermission
                0x0000000000005180        0x8 /opt/devkitpro/libnx/lib/libnx.a(svc.o)
                0x0000000000005180                svcSetMemoryPermission
 .text.svcSetMemoryAttribute
                0x0000000000005188        0x8 /opt/devkitpro/libnx/lib/libnx.a(svc.o)
                0x0000000000005188                svcSetMemoryAttribute
 .text.svcUnmapMemory
                0x0000000000005190        0x8 /opt/devkitpro/libnx/lib/libnx.a(svc.o)
                0x0000000000005190                svcUnmapMemory
 .text.svcQueryMemory
                0x0000000000005198       0x14 /opt/devkitpro/libnx/lib/libnx.a(svc.o)
                0x0000000000005198                svcQueryMemory
 .text.svcExitProcess
                0x00000000000051ac        0x8 /opt/devkitpro/libnx/lib/libnx.a(svc.o)
                0x00000000000051ac                svcExitProcess
 .text.svcSleepThread
                0x00000000000051b4        0x8 /opt/devkitpro/libnx/lib/libnx.a(svc.o)
                0x00000000000051b4                svcSleepThread
 .text.svcMapSharedMemory
                0x00000000000051bc        0x8 /opt/devkitpro/libnx/lib/libnx.a(svc.o)
                0x00000000000051bc                svcMapSharedMemory
 .text.svcUnmapSharedMemory
                0x00000000000051c4        0x8 /opt/devkitpro/libnx/lib/libnx.a(svc.o)
                0x00000000000051c4                svcUnmapSharedMemory
 .text.svcCreateTransferMemory
                0x00000000000051cc       0x14 /opt/devkitpro/libnx/lib/libnx.a(svc.o)
                0x00000000000051cc                svcCreateTransferMemory
 .text.svcCloseHandle
                0x00000000000051e0        0x8 /opt/devkitpro/libnx/lib/libnx.a(svc.o)
                0x00000000000051e0                svcCloseHandle
 .text.svcResetSignal
                0x00000000000051e8        0x8 /opt/devkitpro/libnx/lib/libnx.a(svc.o)
                0x00000000000051e8                svcResetSignal
 .text.svcWaitSynchronization
                0x00000000000051f0       0x14 /opt/devkitpro/libnx/lib/libnx.a(svc.o)
                0x00000000000051f0                svcWaitSynchronization
 .text.svcArbitrateLock
                0x0000000000005204        0x8 /opt/devkitpro/libnx/lib/libnx.a(svc.o)
                0x0000000000005204                svcArbitrateLock
 .text.svcArbitrateUnlock
                0x000000000000520c        0x8 /opt/devkitpro/libnx/lib/libnx.a(svc.o)
                0x000000000000520c                svcArbitrateUnlock
 .text.svcWaitProcessWideKeyAtomic
                0x0000000000005214        0x8 /opt/devkitpro/libnx/lib/libnx.a(svc.o)
                0x0000000000005214                svcWaitProcessWideKeyAtomic
 .text.svcSignalProcessWideKey
                0x000000000000521c        0x8 /opt/devkitpro/libnx/lib/libnx.a(svc.o)
                0x000000000000521c                svcSignalProcessWideKey
 .text.svcConnectToNamedPort
                0x0000000000005224       0x14 /opt/devkitpro/libnx/lib/libnx.a(svc.o)
                0x0000000000005224                svcConnectToNamedPort
 .text.svcSendSyncRequest
                0x0000000000005238        0x8 /opt/devkitpro/libnx/lib/libnx.a(svc.o)
                0x0000000000005238                svcSendSyncRequest
 .text.svcBreak
                0x0000000000005240        0x8 /opt/devkitpro/libnx/lib/libnx.a(svc.o)
                0x0000000000005240                svcBreak
 .text.svcReturnFromException
                0x0000000000005248        0x8 /opt/devkitpro/libnx/lib/libnx.a(svc.o)
                0x0000000000005248                svcReturnFromException
 .text.svcGetInfo
                0x0000000000005250       0x14 /opt/devkitpro/libnx/lib/libnx.a(svc.o)
                0x0000000000005250                svcGetInfo
 .text.svcUnmapTransferMemory
                0x0000000000005264        0x8 /opt/devkitpro/libnx/lib/libnx.a(svc.o)
                0x0000000000005264                svcUnmapTransferMemory
 *fill*         0x000000000000526c        0x4 
 .text.eventLoadRemote
                0x0000000000005270        0xc /opt/devkitpro/libnx/lib/libnx.a(event.o)
                0x0000000000005270                eventLoadRemote
 *fill*         0x000000000000527c        0x4 
 .text.eventWait
                0x0000000000005280       0x38 /opt/devkitpro/libnx/lib/libnx.a(event.o)
                0x0000000000005280                eventWait
 *fill*         0x00000000000052b8        0x8 
 .text.eventClose
                0x00000000000052c0       0x50 /opt/devkitpro/libnx/lib/libnx.a(event.o)
                0x00000000000052c0                eventClose
 .text.mutexLock
                0x0000000000005310       0x80 /opt/devkitpro/libnx/lib/libnx.a(mutex.o)
                0x0000000000005310                mutexLock
 .text.mutexUnlock
                0x0000000000005390       0x68 /opt/devkitpro/libnx/lib/libnx.a(mutex.o)
                0x0000000000005390                mutexUnlock
 *fill*         0x00000000000053f8        0x8 
 .text.mutexIsLockedByCurrentThread
                0x0000000000005400       0x1c /opt/devkitpro/libnx/lib/libnx.a(mutex.o)
                0x0000000000005400                mutexIsLockedByCurrentThread
 *fill*         0x000000000000541c        0x4 
 .text.rmutexLock
                0x0000000000005420       0x4c /opt/devkitpro/libnx/lib/libnx.a(mutex.o)
                0x0000000000005420                rmutexLock
 *fill*         0x000000000000546c        0x4 
 .text.rmutexUnlock
                0x0000000000005470       0x1c /opt/devkitpro/libnx/lib/libnx.a(mutex.o)
                0x0000000000005470                rmutexUnlock
 *fill*         0x000000000000548c        0x4 
 .text.tmemCreate
                0x0000000000005490       0xa8 /opt/devkitpro/libnx/lib/libnx.a(tmem.o)
                0x0000000000005490                tmemCreate
 *fill*         0x0000000000005538        0x8 
 .text.tmemUnmap
                0x0000000000005540       0x34 /opt/devkitpro/libnx/lib/libnx.a(tmem.o)
                0x0000000000005540                tmemUnmap
 *fill*         0x0000000000005574        0xc 
 .text.tmemCloseHandle
                0x0000000000005580       0x38 /opt/devkitpro/libnx/lib/libnx.a(tmem.o)
                0x0000000000005580                tmemCloseHandle
 *fill*         0x00000000000055b8        0x8 
 .text.tmemWaitForPermission
                0x00000000000055c0       0xf0 /opt/devkitpro/libnx/lib/libnx.a(tmem.o)
                0x00000000000055c0                tmemWaitForPermission
 .text.tmemClose
                0x00000000000056b0       0x54 /opt/devkitpro/libnx/lib/libnx.a(tmem.o)
                0x00000000000056b0                tmemClose
 *fill*         0x0000000000005704        0xc 
 .text._memregionInitWithInfo
                0x0000000000005710       0x64 /opt/devkitpro/libnx/lib/libnx.a(virtmem.o)
 *fill*         0x0000000000005774        0xc 
 .text.__libnx_virtmem_rng
                0x0000000000005780        0x4 /opt/devkitpro/libnx/lib/libnx.a(virtmem.o)
                0x0000000000005780                __libnx_virtmem_rng
 *fill*         0x0000000000005784        0xc 
 .text._memregionFindRandom
                0x0000000000005790      0x16c /opt/devkitpro/libnx/lib/libnx.a(virtmem.o)
 *fill*         0x00000000000058fc        0x4 
 .text.virtmemSetup
                0x0000000000005900      0x120 /opt/devkitpro/libnx/lib/libnx.a(virtmem.o)
                0x0000000000005900                virtmemSetup
 .text.virtmemLock
                0x0000000000005a20        0xc /opt/devkitpro/libnx/lib/libnx.a(virtmem.o)
                0x0000000000005a20                virtmemLock
 *fill*         0x0000000000005a2c        0x4 
 .text.virtmemUnlock
                0x0000000000005a30        0xc /opt/devkitpro/libnx/lib/libnx.a(virtmem.o)
                0x0000000000005a30                virtmemUnlock
 *fill*         0x0000000000005a3c        0x4 
 .text.virtmemFindAslr
                0x0000000000005a40       0x50 /opt/devkitpro/libnx/lib/libnx.a(virtmem.o)
                0x0000000000005a40                virtmemFindAslr
 .text.waitObjects
                0x0000000000005a90      0x524 /opt/devkitpro/libnx/lib/libnx.a(wait.o)
                0x0000000000005a90                waitObjects
 *fill*         0x0000000000005fb4        0xc 
 .text._apmCleanup
                0x0000000000005fc0       0xc0 /opt/devkitpro/libnx/lib/libnx.a(apm.o)
 .text._apmCmdGetSession.constprop.0
                0x0000000000006080       0xfc /opt/devkitpro/libnx/lib/libnx.a(apm.o)
 *fill*         0x000000000000617c        0x4 
 .text.apmInitialize
                0x0000000000006180       0xa0 /opt/devkitpro/libnx/lib/libnx.a(apm.o)
                0x0000000000006180                apmInitialize
 .text.apmExit  0x0000000000006220       0x44 /opt/devkitpro/libnx/lib/libnx.a(apm.o)
                0x0000000000006220                apmExit
 *fill*         0x0000000000006264        0xc 
 .text.apmSetPerformanceConfiguration
                0x0000000000006270       0xc8 /opt/devkitpro/libnx/lib/libnx.a(apm.o)
                0x0000000000006270                apmSetPerformanceConfiguration
 *fill*         0x0000000000006338        0x8 
 .text._hidCleanup
                0x0000000000006340      0x108 /opt/devkitpro/libnx/lib/libnx.a(hid.o)
 *fill*         0x0000000000006448        0x8 
 .text._hidCmdInAruidNoOut
                0x0000000000006450       0xd8 /opt/devkitpro/libnx/lib/libnx.a(hid.o)
 *fill*         0x0000000000006528        0x8 
 .text._hidCmdInU32AruidNoOut
                0x0000000000006530       0xe4 /opt/devkitpro/libnx/lib/libnx.a(hid.o)
 *fill*         0x0000000000006614        0xc 
 .text._hidGetStates
                0x0000000000006620      0x1a8 /opt/devkitpro/libnx/lib/libnx.a(hid.o)
 *fill*         0x00000000000067c8        0x8 
 .text._hidCreateAppletResource.constprop.0
                0x00000000000067d0      0x114 /opt/devkitpro/libnx/lib/libnx.a(hid.o)
 *fill*         0x00000000000068e4        0xc 
 .text._hidCmdGetHandle.constprop.0
                0x00000000000068f0       0xc8 /opt/devkitpro/libnx/lib/libnx.a(hid.o)
 *fill*         0x00000000000069b8        0x8 
 .text.hidInitialize
                0x00000000000069c0       0xdc /opt/devkitpro/libnx/lib/libnx.a(hid.o)
                0x00000000000069c0                hidInitialize
 *fill*         0x0000000000006a9c        0x4 
 .text.hidExit  0x0000000000006aa0       0x44 /opt/devkitpro/libnx/lib/libnx.a(hid.o)
                0x0000000000006aa0                hidExit
 *fill*         0x0000000000006ae4        0xc 
 .text.hidGetSharedmemAddr
                0x0000000000006af0        0xc /opt/devkitpro/libnx/lib/libnx.a(hid.o)
                0x0000000000006af0                hidGetSharedmemAddr
 *fill*         0x0000000000006afc        0x4 
 .text.hidGetNpadStyleSet
                0x0000000000006b00       0x94 /opt/devkitpro/libnx/lib/libnx.a(hid.o)
                0x0000000000006b00                hidGetNpadStyleSet
 *fill*         0x0000000000006b94        0xc 
 .text.hidInitializeNpad
                0x0000000000006ba0       0x6c /opt/devkitpro/libnx/lib/libnx.a(hid.o)
                0x0000000000006ba0                hidInitializeNpad
 *fill*         0x0000000000006c0c        0x4 
 .text.hidGetNpadStatesFullKey
                0x0000000000006c10       0xac /opt/devkitpro/libnx/lib/libnx.a(hid.o)
                0x0000000000006c10                hidGetNpadStatesFullKey
 *fill*         0x0000000000006cbc        0x4 
 .text.hidGetNpadStatesHandheld
                0x0000000000006cc0       0xac /opt/devkitpro/libnx/lib/libnx.a(hid.o)
                0x0000000000006cc0                hidGetNpadStatesHandheld
 *fill*         0x0000000000006d6c        0x4 
 .text.hidGetNpadStatesJoyDual
                0x0000000000006d70       0xac /opt/devkitpro/libnx/lib/libnx.a(hid.o)
                0x0000000000006d70                hidGetNpadStatesJoyDual
 *fill*         0x0000000000006e1c        0x4 
 .text.hidGetNpadStatesJoyLeft
                0x0000000000006e20       0xac /opt/devkitpro/libnx/lib/libnx.a(hid.o)
                0x0000000000006e20                hidGetNpadStatesJoyLeft
 *fill*         0x0000000000006ecc        0x4 
 .text.hidGetNpadStatesJoyRight
                0x0000000000006ed0       0xac /opt/devkitpro/libnx/lib/libnx.a(hid.o)
                0x0000000000006ed0                hidGetNpadStatesJoyRight
 *fill*         0x0000000000006f7c        0x4 
 .text.hidGetNpadStatesGc
                0x0000000000006f80      0x164 /opt/devkitpro/libnx/lib/libnx.a(hid.o)
                0x0000000000006f80                hidGetNpadStatesGc
 *fill*         0x00000000000070e4        0xc 
 .text.hidGetNpadStatesSystemExt
                0x00000000000070f0       0xb0 /opt/devkitpro/libnx/lib/libnx.a(hid.o)
                0x00000000000070f0                hidGetNpadStatesSystemExt
 .text.hidSetSupportedNpadStyleSet
                0x00000000000071a0        0x8 /opt/devkitpro/libnx/lib/libnx.a(hid.o)
                0x00000000000071a0                hidSetSupportedNpadStyleSet
 *fill*         0x00000000000071a8        0x8 
 .text.hidSetSupportedNpadIdType
                0x00000000000071b0      0x100 /opt/devkitpro/libnx/lib/libnx.a(hid.o)
                0x00000000000071b0                hidSetSupportedNpadIdType
 .text.nwindowGetDefault
                0x00000000000072b0        0xc /opt/devkitpro/libnx/lib/libnx.a(default_window.o)
                0x00000000000072b0                nwindowGetDefault
 *fill*         0x00000000000072bc        0x4 
 .text.__nx_win_init
                0x00000000000072c0       0xb0 /opt/devkitpro/libnx/lib/libnx.a(default_window.o)
                0x00000000000072c0                __nx_win_init
 .text.__nx_win_exit
                0x0000000000007370       0x34 /opt/devkitpro/libnx/lib/libnx.a(default_window.o)
                0x0000000000007370                __nx_win_exit
 *fill*         0x00000000000073a4        0xc 
 .text.framebufferMakeLinear
                0x00000000000073b0       0x8c /opt/devkitpro/libnx/lib/libnx.a(framebuffer.o)
                0x00000000000073b0                framebufferMakeLinear
 *fill*         0x000000000000743c        0x4 
 .text.framebufferClose
                0x0000000000007440       0x80 /opt/devkitpro/libnx/lib/libnx.a(framebuffer.o)
                0x0000000000007440                framebufferClose
 .text.framebufferCreate
                0x00000000000074c0      0x2b0 /opt/devkitpro/libnx/lib/libnx.a(framebuffer.o)
                0x00000000000074c0                framebufferCreate
 .text.framebufferBegin
                0x0000000000007770       0x88 /opt/devkitpro/libnx/lib/libnx.a(framebuffer.o)
                0x0000000000007770                framebufferBegin
 *fill*         0x00000000000077f8        0x8 
 .text.framebufferEnd
                0x0000000000007800      0x18c /opt/devkitpro/libnx/lib/libnx.a(framebuffer.o)
                0x0000000000007800                framebufferEnd
 *fill*         0x000000000000798c        0x4 
 .text.nwindowIsValid
                0x0000000000007990       0x24 /opt/devkitpro/libnx/lib/libnx.a(native_window.o)
                0x0000000000007990                nwindowIsValid
 *fill*         0x00000000000079b4        0xc 
 .text.nwindowClose
                0x00000000000079c0       0x7c /opt/devkitpro/libnx/lib/libnx.a(native_window.o)
                0x00000000000079c0                nwindowClose
 *fill*         0x0000000000007a3c        0x4 
 .text.nwindowCreate
                0x0000000000007a40       0xf4 /opt/devkitpro/libnx/lib/libnx.a(native_window.o)
                0x0000000000007a40                nwindowCreate
 *fill*         0x0000000000007b34        0xc 
 .text.nwindowCreateFromLayer
                0x0000000000007b40       0x34 /opt/devkitpro/libnx/lib/libnx.a(native_window.o)
                0x0000000000007b40                nwindowCreateFromLayer
 *fill*         0x0000000000007b74        0xc 
 .text.nwindowSetDimensions
                0x0000000000007b80       0x84 /opt/devkitpro/libnx/lib/libnx.a(native_window.o)
                0x0000000000007b80                nwindowSetDimensions
 *fill*         0x0000000000007c04        0xc 
 .text.nwindowConfigureBuffer
                0x0000000000007c10      0x18c /opt/devkitpro/libnx/lib/libnx.a(native_window.o)
                0x0000000000007c10                nwindowConfigureBuffer
 *fill*         0x0000000000007d9c        0x4 
 .text.nwindowDequeueBuffer
                0x0000000000007da0      0x1e0 /opt/devkitpro/libnx/lib/libnx.a(native_window.o)
                0x0000000000007da0                nwindowDequeueBuffer
 .text.nwindowQueueBuffer
                0x0000000000007f80      0x13c /opt/devkitpro/libnx/lib/libnx.a(native_window.o)
                0x0000000000007f80                nwindowQueueBuffer
 *fill*         0x00000000000080bc        0x4 
 .text.nwindowReleaseBuffers
                0x00000000000080c0       0x94 /opt/devkitpro/libnx/lib/libnx.a(native_window.o)
                0x00000000000080c0                nwindowReleaseBuffers
 *fill*         0x0000000000008154        0xc 
 .text.__libnx_alloc
                0x0000000000008160        0x4 /opt/devkitpro/libnx/lib/libnx.a(alloc.o)
                0x0000000000008160                __libnx_alloc
 *fill*         0x0000000000008164        0xc 
 .text.__libnx_aligned_alloc
                0x0000000000008170       0x14 /opt/devkitpro/libnx/lib/libnx.a(alloc.o)
                0x0000000000008170                __libnx_aligned_alloc
 *fill*         0x0000000000008184        0xc 
 .text.__libnx_free
                0x0000000000008190        0x4 /opt/devkitpro/libnx/lib/libnx.a(alloc.o)
                0x0000000000008190                __libnx_free
 *fill*         0x0000000000008194        0xc 
 .text.argvSetup
                0x00000000000081a0      0x2f8 /opt/devkitpro/libnx/lib/libnx.a(argv.o)
                0x00000000000081a0                argvSetup
 *fill*         0x0000000000008498        0x8 
 .text.__nx_dynamic
                0x00000000000084a0      0x154 /opt/devkitpro/libnx/lib/libnx.a(dynamic.o)
                0x00000000000084a0                __nx_dynamic
 *fill*         0x00000000000085f4        0xc 
 .text.__libnx_initheap
                0x0000000000008600       0xd4 /opt/devkitpro/libnx/lib/libnx.a(init.o)
                0x0000000000008600                __libnx_initheap
 *fill*         0x00000000000086d4        0xc 
 .text.__appInit
                0x00000000000086e0       0xec /opt/devkitpro/libnx/lib/libnx.a(init.o)
                0x00000000000086e0                __appInit
 *fill*         0x00000000000087cc        0x4 
 .text.__appExit
                0x00000000000087d0       0x44 /opt/devkitpro/libnx/lib/libnx.a(init.o)
                0x00000000000087d0                __appExit
 *fill*         0x0000000000008814        0xc 
 .text.__libnx_init
                0x0000000000008820       0x2c /opt/devkitpro/libnx/lib/libnx.a(init.o)
                0x0000000000008820                __libnx_init
 *fill*         0x000000000000884c        0x4 
 .text.__libnx_exit
                0x0000000000008850       0x1c /opt/devkitpro/libnx/lib/libnx.a(init.o)
                0x0000000000008850                __libnx_exit
 *fill*         0x000000000000886c        0x4 
 .text.__syscall_exit
                0x0000000000008870       0x1c /opt/devkitpro/libnx/lib/libnx.a(newlib.o)
                0x0000000000008870                __syscall_exit
 *fill*         0x000000000000888c        0x4 
 .text.__syscall_getreent
                0x0000000000008890       0x34 /opt/devkitpro/libnx/lib/libnx.a(newlib.o)
                0x0000000000008890                __syscall_getreent
 *fill*         0x00000000000088c4        0xc 
 .text.__syscall_lock_acquire
                0x00000000000088d0        0x4 /opt/devkitpro/libnx/lib/libnx.a(newlib.o)
                0x00000000000088d0                __syscall_lock_acquire
 *fill*         0x00000000000088d4        0xc 
 .text.__syscall_lock_release
                0x00000000000088e0        0x4 /opt/devkitpro/libnx/lib/libnx.a(newlib.o)
                0x00000000000088e0                __syscall_lock_release
 *fill*         0x00000000000088e4        0xc 
 .text.__syscall_lock_acquire_recursive
                0x00000000000088f0        0x4 /opt/devkitpro/libnx/lib/libnx.a(newlib.o)
                0x00000000000088f0                __syscall_lock_acquire_recursive
 *fill*         0x00000000000088f4        0xc 
 .text.__syscall_lock_release_recursive
                0x0000000000008900        0x4 /opt/devkitpro/libnx/lib/libnx.a(newlib.o)
                0x0000000000008900                __syscall_lock_release_recursive
 *fill*         0x0000000000008904        0xc 
 .text.__libnx_init_time
                0x0000000000008910      0x238 /opt/devkitpro/libnx/lib/libnx.a(newlib.o)
                0x0000000000008910                __libnx_init_time
 *fill*         0x0000000000008b48        0x8 
 .text.newlibSetup
                0x0000000000008b50       0x9c /opt/devkitpro/libnx/lib/libnx.a(newlib.o)
                0x0000000000008b50                newlibSetup
 *fill*         0x0000000000008bec        0x4 
 .text.nxlinkSetup
                0x0000000000008bf0       0xc4 /opt/devkitpro/libnx/lib/libnx.a(nxlink.o)
                0x0000000000008bf0                nxlinkSetup
 *fill*         0x0000000000008cb4        0xc 
 .text.fsdev_link
                0x0000000000008cc0       0x14 /opt/devkitpro/libnx/lib/libnx.a(fs_dev.o)
 *fill*         0x0000000000008cd4        0xc 
 .text.fsdev_dirreset
                0x0000000000008ce0       0x14 /opt/devkitpro/libnx/lib/libnx.a(fs_dev.o)
 *fill*         0x0000000000008cf4        0xc 
 .text.fsdev_chmod
                0x0000000000008d00       0x14 /opt/devkitpro/libnx/lib/libnx.a(fs_dev.o)
 *fill*         0x0000000000008d14        0xc 
 .text.error_cmp
                0x0000000000008d20       0x18 /opt/devkitpro/libnx/lib/libnx.a(fs_dev.o)
 *fill*         0x0000000000008d38        0x8 
 .text.fsdev_dirclose
                0x0000000000008d40       0x20 /opt/devkitpro/libnx/lib/libnx.a(fs_dev.o)
 .text.fsdev_close
                0x0000000000008d60       0x1c /opt/devkitpro/libnx/lib/libnx.a(fs_dev.o)
 *fill*         0x0000000000008d7c        0x4 
 .text.fsdev_converttimetoutc
                0x0000000000008d80       0x80 /opt/devkitpro/libnx/lib/libnx.a(fs_dev.o)
 .text.fsdevFindDevice.part.0
                0x0000000000008e00       0xe0 /opt/devkitpro/libnx/lib/libnx.a(fs_dev.o)
 .text.fsdev_fixpath
                0x0000000000008ee0      0x1c0 /opt/devkitpro/libnx/lib/libnx.a(fs_dev.o)
 .text._fsdevUnmountDeviceStruct.part.0
                0x00000000000090a0       0xa0 /opt/devkitpro/libnx/lib/libnx.a(fs_dev.o)
 .text.fsdev_fchmod
                0x0000000000009140       0x14 /opt/devkitpro/libnx/lib/libnx.a(fs_dev.o)
 *fill*         0x0000000000009154        0xc 
 .text.fsdev_diropen
                0x0000000000009160      0x108 /opt/devkitpro/libnx/lib/libnx.a(fs_dev.o)
 *fill*         0x0000000000009268        0x8 
 .text.fsdev_statvfs
                0x0000000000009270       0xfc /opt/devkitpro/libnx/lib/libnx.a(fs_dev.o)
 *fill*         0x000000000000936c        0x4 
 .text.fsdev_fsync
                0x0000000000009370       0x7c /opt/devkitpro/libnx/lib/libnx.a(fs_dev.o)
 *fill*         0x00000000000093ec        0x4 
 .text.fsdev_fstat
                0x00000000000093f0       0xf4 /opt/devkitpro/libnx/lib/libnx.a(fs_dev.o)
 *fill*         0x00000000000094e4        0xc 
 .text.fsdev_ftruncate
                0x00000000000094f0       0x94 /opt/devkitpro/libnx/lib/libnx.a(fs_dev.o)
 *fill*         0x0000000000009584        0xc 
 .text.fsdev_stat
                0x0000000000009590      0x1fc /opt/devkitpro/libnx/lib/libnx.a(fs_dev.o)
 *fill*         0x000000000000978c        0x4 
 .text.fsdev_rename
                0x0000000000009790      0x14c /opt/devkitpro/libnx/lib/libnx.a(fs_dev.o)
 *fill*         0x00000000000098dc        0x4 
 .text.fsdev_chdir
                0x00000000000098e0      0x140 /opt/devkitpro/libnx/lib/libnx.a(fs_dev.o)
 .text.fsdev_mkdir
                0x0000000000009a20       0xa4 /opt/devkitpro/libnx/lib/libnx.a(fs_dev.o)
 *fill*         0x0000000000009ac4        0xc 
 .text.fsdev_unlink
                0x0000000000009ad0       0xa4 /opt/devkitpro/libnx/lib/libnx.a(fs_dev.o)
 *fill*         0x0000000000009b74        0xc 
 .text.fsdev_rmdir
                0x0000000000009b80       0xa4 /opt/devkitpro/libnx/lib/libnx.a(fs_dev.o)
 *fill*         0x0000000000009c24        0xc 
 .text.fsdev_write_safe
                0x0000000000009c30      0x144 /opt/devkitpro/libnx/lib/libnx.a(fs_dev.o)
 *fill*         0x0000000000009d74        0xc 
 .text.fsdev_read_safe
                0x0000000000009d80      0x13c /opt/devkitpro/libnx/lib/libnx.a(fs_dev.o)
 *fill*         0x0000000000009ebc        0x4 
 .text.fsdev_read
                0x0000000000009ec0      0x100 /opt/devkitpro/libnx/lib/libnx.a(fs_dev.o)
 .text.fsdev_dirnext
                0x0000000000009fc0      0x1b8 /opt/devkitpro/libnx/lib/libnx.a(fs_dev.o)
 *fill*         0x000000000000a178        0x8 
 .text.fsdev_write
                0x000000000000a180      0x124 /opt/devkitpro/libnx/lib/libnx.a(fs_dev.o)
 *fill*         0x000000000000a2a4        0xc 
 .text.fsdev_seek
                0x000000000000a2b0       0xec /opt/devkitpro/libnx/lib/libnx.a(fs_dev.o)
 *fill*         0x000000000000a39c        0x4 
 .text.fsdev_open
                0x000000000000a3a0      0x244 /opt/devkitpro/libnx/lib/libnx.a(fs_dev.o)
 *fill*         0x000000000000a5e4        0xc 
 .text.fsdevMountDevice
                0x000000000000a5f0      0x224 /opt/devkitpro/libnx/lib/libnx.a(fs_dev.o)
                0x000000000000a5f0                fsdevMountDevice
 *fill*         0x000000000000a814        0xc 
 .text.fsdevMountSdmc
                0x000000000000a820       0x40 /opt/devkitpro/libnx/lib/libnx.a(fs_dev.o)
                0x000000000000a820                fsdevMountSdmc
 .text.__libnx_init_cwd
                0x000000000000a860       0xc0 /opt/devkitpro/libnx/lib/libnx.a(fs_dev.o)
                0x000000000000a860                __libnx_init_cwd
 .text.fsdevUnmountAll
                0x000000000000a920       0x64 /opt/devkitpro/libnx/lib/libnx.a(fs_dev.o)
                0x000000000000a920                fsdevUnmountAll
 *fill*         0x000000000000a984        0xc 
 .text.decode_utf8
                0x000000000000a990      0x12c /opt/devkitpro/libnx/lib/libnx.a(decode_utf8.o)
                0x000000000000a990                decode_utf8
 .text.armDCacheFlush
                0x000000000000aabc       0x4c /opt/devkitpro/libnx/lib/libnx.a(cache.o)
                0x000000000000aabc                armDCacheFlush
 .text.__libnx_exception_entry
                0x000000000000ab08      0x1c0 /opt/devkitpro/libnx/lib/libnx.a(exception.o)
                0x000000000000ab08                __libnx_exception_entry
 .text.__libnx_exception_returnentry
                0x000000000000acc8       0x18 /opt/devkitpro/libnx/lib/libnx.a(exception.o)
                0x000000000000acc8                __libnx_exception_returnentry
 .text.__aarch64_read_tp
                0x000000000000ace0        0xc /opt/devkitpro/libnx/lib/libnx.a(readtp.o)
                0x000000000000ace0                __aarch64_read_tp
 *fill*         0x000000000000acec        0x4 
 .text.condvarWaitTimeout
                0x000000000000acf0       0x64 /opt/devkitpro/libnx/lib/libnx.a(condvar.o)
                0x000000000000acf0                condvarWaitTimeout
 *fill*         0x000000000000ad54        0xc 
 .text.randomGet
                0x000000000000ad60      0x3d4 /opt/devkitpro/libnx/lib/libnx.a(random.o)
                0x000000000000ad60                randomGet
 *fill*         0x000000000000b134        0xc 
 .text.randomGet64
                0x000000000000b140       0x20 /opt/devkitpro/libnx/lib/libnx.a(random.o)
                0x000000000000b140                randomGet64
 .text.shmemLoadRemote
                0x000000000000b160       0x14 /opt/devkitpro/libnx/lib/libnx.a(shmem.o)
                0x000000000000b160                shmemLoadRemote
 *fill*         0x000000000000b174        0xc 
 .text.shmemMap
                0x000000000000b180       0x88 /opt/devkitpro/libnx/lib/libnx.a(shmem.o)
                0x000000000000b180                shmemMap
 *fill*         0x000000000000b208        0x8 
 .text.shmemUnmap
                0x000000000000b210       0x34 /opt/devkitpro/libnx/lib/libnx.a(shmem.o)
                0x000000000000b210                shmemUnmap
 *fill*         0x000000000000b244        0xc 
 .text.shmemClose
                0x000000000000b250       0x44 /opt/devkitpro/libnx/lib/libnx.a(shmem.o)
                0x000000000000b250                shmemClose
 *fill*         0x000000000000b294        0xc 
 .text.__libnx_init_thread
                0x000000000000b2a0       0xb0 /opt/devkitpro/libnx/lib/libnx.a(thread.o)
                0x000000000000b2a0                __libnx_init_thread
 .text._fsCleanup
                0x000000000000b350       0xb4 /opt/devkitpro/libnx/lib/libnx.a(fs.o)
 *fill*         0x000000000000b404        0xc 
 .text._fsCmdNoIO
                0x000000000000b410      0x1a8 /opt/devkitpro/libnx/lib/libnx.a(fs.o)
 *fill*         0x000000000000b5b8        0x8 
 .text._fsFsCmdWithInPath
                0x000000000000b5c0      0x1d8 /opt/devkitpro/libnx/lib/libnx.a(fs.o)
 *fill*         0x000000000000b798        0x8 
 .text._fsFsCmdWithTwoInPaths
                0x000000000000b7a0      0x1f4 /opt/devkitpro/libnx/lib/libnx.a(fs.o)
 *fill*         0x000000000000b994        0xc 
 .text._fsFsOpenCommon
                0x000000000000b9a0      0x25c /opt/devkitpro/libnx/lib/libnx.a(fs.o)
 *fill*         0x000000000000bbfc        0x4 
 .text._fsFsCmdWithInPathAndOutU64
                0x000000000000bc00      0x1ec /opt/devkitpro/libnx/lib/libnx.a(fs.o)
 *fill*         0x000000000000bdec        0x4 
 .text._fsObjectClose
                0x000000000000bdf0       0xf4 /opt/devkitpro/libnx/lib/libnx.a(fs.o)
 *fill*         0x000000000000bee4        0xc 
 .text._fsCmdGetSession.constprop.0
                0x000000000000bef0      0x1f4 /opt/devkitpro/libnx/lib/libnx.a(fs.o)
 *fill*         0x000000000000c0e4        0xc 
 .text.fsInitialize
                0x000000000000c0f0      0x2f8 /opt/devkitpro/libnx/lib/libnx.a(fs.o)
                0x000000000000c0f0                fsInitialize
 *fill*         0x000000000000c3e8        0x8 
 .text.fsExit   0x000000000000c3f0       0x44 /opt/devkitpro/libnx/lib/libnx.a(fs.o)
                0x000000000000c3f0                fsExit
 *fill*         0x000000000000c434        0xc 
 .text.fsOpenSdCardFileSystem
                0x000000000000c440        0x8 /opt/devkitpro/libnx/lib/libnx.a(fs.o)
                0x000000000000c440                fsOpenSdCardFileSystem
 *fill*         0x000000000000c448        0x8 
 .text.fsFsCreateFile
                0x000000000000c450      0x1f0 /opt/devkitpro/libnx/lib/libnx.a(fs.o)
                0x000000000000c450                fsFsCreateFile
 .text.fsFsDeleteFile
                0x000000000000c640        0x8 /opt/devkitpro/libnx/lib/libnx.a(fs.o)
                0x000000000000c640                fsFsDeleteFile
 *fill*         0x000000000000c648        0x8 
 .text.fsFsCreateDirectory
                0x000000000000c650        0x8 /opt/devkitpro/libnx/lib/libnx.a(fs.o)
                0x000000000000c650                fsFsCreateDirectory
 *fill*         0x000000000000c658        0x8 
 .text.fsFsDeleteDirectory
                0x000000000000c660        0x8 /opt/devkitpro/libnx/lib/libnx.a(fs.o)
                0x000000000000c660                fsFsDeleteDirectory
 *fill*         0x000000000000c668        0x8 
 .text.fsFsRenameFile
                0x000000000000c670        0x8 /opt/devkitpro/libnx/lib/libnx.a(fs.o)
                0x000000000000c670                fsFsRenameFile
 *fill*         0x000000000000c678        0x8 
 .text.fsFsRenameDirectory
                0x000000000000c680        0x8 /opt/devkitpro/libnx/lib/libnx.a(fs.o)
                0x000000000000c680                fsFsRenameDirectory
 *fill*         0x000000000000c688        0x8 
 .text.fsFsGetEntryType
                0x000000000000c690      0x1f0 /opt/devkitpro/libnx/lib/libnx.a(fs.o)
                0x000000000000c690                fsFsGetEntryType
 .text.fsFsOpenFile
                0x000000000000c880        0x8 /opt/devkitpro/libnx/lib/libnx.a(fs.o)
                0x000000000000c880                fsFsOpenFile
 *fill*         0x000000000000c888        0x8 
 .text.fsFsOpenDirectory
                0x000000000000c890        0x8 /opt/devkitpro/libnx/lib/libnx.a(fs.o)
                0x000000000000c890                fsFsOpenDirectory
 *fill*         0x000000000000c898        0x8 
 .text.fsFsGetFreeSpace
                0x000000000000c8a0        0x8 /opt/devkitpro/libnx/lib/libnx.a(fs.o)
                0x000000000000c8a0                fsFsGetFreeSpace
 *fill*         0x000000000000c8a8        0x8 
 .text.fsFsGetTotalSpace
                0x000000000000c8b0        0x8 /opt/devkitpro/libnx/lib/libnx.a(fs.o)
                0x000000000000c8b0                fsFsGetTotalSpace
 *fill*         0x000000000000c8b8        0x8 
 .text.fsFsGetFileTimeStampRaw
                0x000000000000c8c0      0x230 /opt/devkitpro/libnx/lib/libnx.a(fs.o)
                0x000000000000c8c0                fsFsGetFileTimeStampRaw
 .text.fsFsClose
                0x000000000000caf0        0x4 /opt/devkitpro/libnx/lib/libnx.a(fs.o)
                0x000000000000caf0                fsFsClose
 *fill*         0x000000000000caf4        0xc 
 .text.fsFileRead
                0x000000000000cb00      0x218 /opt/devkitpro/libnx/lib/libnx.a(fs.o)
                0x000000000000cb00                fsFileRead
 *fill*         0x000000000000cd18        0x8 
 .text.fsFileWrite
                0x000000000000cd20      0x200 /opt/devkitpro/libnx/lib/libnx.a(fs.o)
                0x000000000000cd20                fsFileWrite
 .text.fsFileFlush
                0x000000000000cf20        0x8 /opt/devkitpro/libnx/lib/libnx.a(fs.o)
                0x000000000000cf20                fsFileFlush
 *fill*         0x000000000000cf28        0x8 
 .text.fsFileSetSize
                0x000000000000cf30      0x1b8 /opt/devkitpro/libnx/lib/libnx.a(fs.o)
                0x000000000000cf30                fsFileSetSize
 *fill*         0x000000000000d0e8        0x8 
 .text.fsFileGetSize
                0x000000000000d0f0      0x1c4 /opt/devkitpro/libnx/lib/libnx.a(fs.o)
                0x000000000000d0f0                fsFileGetSize
 *fill*         0x000000000000d2b4        0xc 
 .text.fsFileClose
                0x000000000000d2c0        0x4 /opt/devkitpro/libnx/lib/libnx.a(fs.o)
                0x000000000000d2c0                fsFileClose
 *fill*         0x000000000000d2c4        0xc 
 .text.fsDirClose
                0x000000000000d2d0        0x4 /opt/devkitpro/libnx/lib/libnx.a(fs.o)
                0x000000000000d2d0                fsDirClose
 *fill*         0x000000000000d2d4        0xc 
 .text.fsDirRead
                0x000000000000d2e0      0x1fc /opt/devkitpro/libnx/lib/libnx.a(fs.o)
                0x000000000000d2e0                fsDirRead
 *fill*         0x000000000000d4dc        0x4 
 .text._nvSetClientPID
                0x000000000000d4e0       0xd0 /opt/devkitpro/libnx/lib/libnx.a(nv.o)
 .text._nvCleanup
                0x000000000000d5b0       0xc8 /opt/devkitpro/libnx/lib/libnx.a(nv.o)
 *fill*         0x000000000000d678        0x8 
 .text._nvCmdInitialize.constprop.0
                0x000000000000d680       0xd8 /opt/devkitpro/libnx/lib/libnx.a(nv.o)
 *fill*         0x000000000000d758        0x8 
 .text.__nx_nv_create_tmem
                0x000000000000d760       0x1c /opt/devkitpro/libnx/lib/libnx.a(nv.o)
                0x000000000000d760                __nx_nv_create_tmem
 *fill*         0x000000000000d77c        0x4 
 .text.nvInitialize
                0x000000000000d780      0x2d8 /opt/devkitpro/libnx/lib/libnx.a(nv.o)
                0x000000000000d780                nvInitialize
 *fill*         0x000000000000da58        0x8 
 .text.nvExit   0x000000000000da60       0x44 /opt/devkitpro/libnx/lib/libnx.a(nv.o)
                0x000000000000da60                nvExit
 *fill*         0x000000000000daa4        0xc 
 .text.nvConvertError
                0x000000000000dab0       0xf4 /opt/devkitpro/libnx/lib/libnx.a(nv.o)
                0x000000000000dab0                nvConvertError
 *fill*         0x000000000000dba4        0xc 
 .text.nvOpen   0x000000000000dbb0      0x118 /opt/devkitpro/libnx/lib/libnx.a(nv.o)
                0x000000000000dbb0                nvOpen
 *fill*         0x000000000000dcc8        0x8 
 .text.nvIoctl  0x000000000000dcd0      0x2fc /opt/devkitpro/libnx/lib/libnx.a(nv.o)
                0x000000000000dcd0                nvIoctl
 *fill*         0x000000000000dfcc        0x4 
 .text.nvClose  0x000000000000dfd0       0xd8 /opt/devkitpro/libnx/lib/libnx.a(nv.o)
                0x000000000000dfd0                nvClose
 *fill*         0x000000000000e0a8        0x8 
 .text.nvQueryEvent
                0x000000000000e0b0      0x108 /opt/devkitpro/libnx/lib/libnx.a(nv.o)
                0x000000000000e0b0                nvQueryEvent
 *fill*         0x000000000000e1b8        0x8 
 .text._setsysGetFirmwareVersionImpl
                0x000000000000e1c0       0xd4 /opt/devkitpro/libnx/lib/libnx.a(set.o)
 *fill*         0x000000000000e294        0xc 
 .text._setsysCleanup
                0x000000000000e2a0       0x68 /opt/devkitpro/libnx/lib/libnx.a(set.o)
 *fill*         0x000000000000e308        0x8 
 .text.setsysInitialize
                0x000000000000e310       0xa0 /opt/devkitpro/libnx/lib/libnx.a(set.o)
                0x000000000000e310                setsysInitialize
 .text.setsysExit
                0x000000000000e3b0       0x44 /opt/devkitpro/libnx/lib/libnx.a(set.o)
                0x000000000000e3b0                setsysExit
 *fill*         0x000000000000e3f4        0xc 
 .text.setsysGetFirmwareVersion
                0x000000000000e400       0x44 /opt/devkitpro/libnx/lib/libnx.a(set.o)
                0x000000000000e400                setsysGetFirmwareVersion
 *fill*         0x000000000000e444        0xc 
 .text._timeCleanup
                0x000000000000e450      0x228 /opt/devkitpro/libnx/lib/libnx.a(time.o)
 *fill*         0x000000000000e678        0x8 
 .text._timeCmdGetSession.constprop.0
                0x000000000000e680      0x100 /opt/devkitpro/libnx/lib/libnx.a(time.o)
 .text._timeGetSharedMemoryNativeHandle.constprop.0
                0x000000000000e780       0xcc /opt/devkitpro/libnx/lib/libnx.a(time.o)
 *fill*         0x000000000000e84c        0x4 
 .text._timeCmdNoInOutU64.constprop.0.isra.0
                0x000000000000e850       0xc4 /opt/devkitpro/libnx/lib/libnx.a(time.o)
 *fill*         0x000000000000e914        0xc 
 .text._timeReadClockFromSharedMem
                0x000000000000e920      0x110 /opt/devkitpro/libnx/lib/libnx.a(time.o)
 .text.timeInitialize
                0x000000000000ea30      0x238 /opt/devkitpro/libnx/lib/libnx.a(time.o)
                0x000000000000ea30                timeInitialize
 *fill*         0x000000000000ec68        0x8 
 .text.timeExit
                0x000000000000ec70       0x44 /opt/devkitpro/libnx/lib/libnx.a(time.o)
                0x000000000000ec70                timeExit
 *fill*         0x000000000000ecb4        0xc 
 .text.timeGetServiceSession_SystemClock
                0x000000000000ecc0       0x38 /opt/devkitpro/libnx/lib/libnx.a(time.o)
                0x000000000000ecc0                timeGetServiceSession_SystemClock
 *fill*         0x000000000000ecf8        0x8 
 .text.timeGetCurrentTime
                0x000000000000ed00       0x68 /opt/devkitpro/libnx/lib/libnx.a(time.o)
                0x000000000000ed00                timeGetCurrentTime
 *fill*         0x000000000000ed68        0x8 
 .text.timeToCalendarTimeWithMyRule
                0x000000000000ed70      0x110 /opt/devkitpro/libnx/lib/libnx.a(time.o)
                0x000000000000ed70                timeToCalendarTimeWithMyRule
 .text.timeToPosixTimeWithMyRule
                0x000000000000ee80      0x104 /opt/devkitpro/libnx/lib/libnx.a(time.o)
                0x000000000000ee80                timeToPosixTimeWithMyRule
 *fill*         0x000000000000ef84        0xc 
 .text._viCleanup
                0x000000000000ef90      0x1dc /opt/devkitpro/libnx/lib/libnx.a(vi.o)
 *fill*         0x000000000000f16c        0x4 
 .text._viCmdGetSessionNoParams.constprop.0
                0x000000000000f170      0x100 /opt/devkitpro/libnx/lib/libnx.a(vi.o)
 .text._viCmdGetSession.constprop.0
                0x000000000000f270       0xfc /opt/devkitpro/libnx/lib/libnx.a(vi.o)
 *fill*         0x000000000000f36c        0x4 
 .text.viInitialize
                0x000000000000f370      0x28c /opt/devkitpro/libnx/lib/libnx.a(vi.o)
                0x000000000000f370                viInitialize
 *fill*         0x000000000000f5fc        0x4 
 .text.viExit   0x000000000000f600       0x44 /opt/devkitpro/libnx/lib/libnx.a(vi.o)
                0x000000000000f600                viExit
 *fill*         0x000000000000f644        0xc 
 .text.viGetSession_IHOSBinderDriverRelay
                0x000000000000f650        0xc /opt/devkitpro/libnx/lib/libnx.a(vi.o)
                0x000000000000f650                viGetSession_IHOSBinderDriverRelay
 *fill*         0x000000000000f65c        0x4 
 .text.viOpenDisplay
                0x000000000000f660      0x110 /opt/devkitpro/libnx/lib/libnx.a(vi.o)
                0x000000000000f660                viOpenDisplay
 .text.viCloseDisplay
                0x000000000000f770       0xf4 /opt/devkitpro/libnx/lib/libnx.a(vi.o)
                0x000000000000f770                viCloseDisplay
 *fill*         0x000000000000f864        0xc 
 .text.viCloseLayer
                0x000000000000f870       0xfc /opt/devkitpro/libnx/lib/libnx.a(vi.o)
                0x000000000000f870                viCloseLayer
 *fill*         0x000000000000f96c        0x4 
 .text.viCreateLayer
                0x000000000000f970      0x378 /opt/devkitpro/libnx/lib/libnx.a(vi.o)
                0x000000000000f970                viCreateLayer
 *fill*         0x000000000000fce8        0x8 
 .text.viSetLayerScalingMode
                0x000000000000fcf0       0xd8 /opt/devkitpro/libnx/lib/libnx.a(vi.o)
                0x000000000000fcf0                viSetLayerScalingMode
 *fill*         0x000000000000fdc8        0x8 
 .text._nvFenceCleanup
                0x000000000000fdd0       0x7c /opt/devkitpro/libnx/lib/libnx.a(fence.o)
 *fill*         0x000000000000fe4c        0x4 
 .text.nvFenceInit
                0x000000000000fe50       0x98 /opt/devkitpro/libnx/lib/libnx.a(fence.o)
                0x000000000000fe50                nvFenceInit
 *fill*         0x000000000000fee8        0x8 
 .text.nvFenceExit
                0x000000000000fef0       0x44 /opt/devkitpro/libnx/lib/libnx.a(fence.o)
                0x000000000000fef0                nvFenceExit
 *fill*         0x000000000000ff34        0xc 
 .text.nvFenceWait
                0x000000000000ff40      0x240 /opt/devkitpro/libnx/lib/libnx.a(fence.o)
                0x000000000000ff40                nvFenceWait
 .text.nvMultiFenceWait
                0x0000000000010180       0x74 /opt/devkitpro/libnx/lib/libnx.a(fence.o)
                0x0000000000010180                nvMultiFenceWait
 *fill*         0x00000000000101f4        0xc 
 .text.nvMapInit
                0x0000000000010200       0xb4 /opt/devkitpro/libnx/lib/libnx.a(map.o)
                0x0000000000010200                nvMapInit
 *fill*         0x00000000000102b4        0xc 
 .text.nvMapExit
                0x00000000000102c0       0x6c /opt/devkitpro/libnx/lib/libnx.a(map.o)
                0x00000000000102c0                nvMapExit
 *fill*         0x000000000001032c        0x4 
 .text.nvMapClose
                0x0000000000010330       0x80 /opt/devkitpro/libnx/lib/libnx.a(map.o)
                0x0000000000010330                nvMapClose
 .text.nvMapCreate
                0x00000000000103b0      0x154 /opt/devkitpro/libnx/lib/libnx.a(map.o)
                0x00000000000103b0                nvMapCreate
 *fill*         0x0000000000010504        0xc 
 .text.nvioctlNvhostCtrl_EventSignal
                0x0000000000010510       0x28 /opt/devkitpro/libnx/lib/libnx.a(nvhost-ctrl.o)
                0x0000000000010510                nvioctlNvhostCtrl_EventSignal
 *fill*         0x0000000000010538        0x8 
 .text.nvioctlNvhostCtrl_EventWait
                0x0000000000010540       0x44 /opt/devkitpro/libnx/lib/libnx.a(nvhost-ctrl.o)
                0x0000000000010540                nvioctlNvhostCtrl_EventWait
 *fill*         0x0000000000010584        0xc 
 .text.nvioctlNvhostCtrl_EventWaitAsync
                0x0000000000010590       0x30 /opt/devkitpro/libnx/lib/libnx.a(nvhost-ctrl.o)
                0x0000000000010590                nvioctlNvhostCtrl_EventWaitAsync
 .text.nvioctlNvhostCtrl_EventRegister
                0x00000000000105c0       0x28 /opt/devkitpro/libnx/lib/libnx.a(nvhost-ctrl.o)
                0x00000000000105c0                nvioctlNvhostCtrl_EventRegister
 *fill*         0x00000000000105e8        0x8 
 .text.nvioctlNvhostCtrl_EventUnregister
                0x00000000000105f0       0x28 /opt/devkitpro/libnx/lib/libnx.a(nvhost-ctrl.o)
                0x00000000000105f0                nvioctlNvhostCtrl_EventUnregister
 *fill*         0x0000000000010618        0x8 
 .text.nvioctlNvmap_Create
                0x0000000000010620       0x40 /opt/devkitpro/libnx/lib/libnx.a(nvmap.o)
                0x0000000000010620                nvioctlNvmap_Create
 .text.nvioctlNvmap_Alloc
                0x0000000000010660       0x38 /opt/devkitpro/libnx/lib/libnx.a(nvmap.o)
                0x0000000000010660                nvioctlNvmap_Alloc
 *fill*         0x0000000000010698        0x8 
 .text.nvioctlNvmap_Free
                0x00000000000106a0       0x34 /opt/devkitpro/libnx/lib/libnx.a(nvmap.o)
                0x00000000000106a0                nvioctlNvmap_Free
 *fill*         0x00000000000106d4        0xc 
 .text.nvioctlNvmap_GetId
                0x00000000000106e0       0x40 /opt/devkitpro/libnx/lib/libnx.a(nvmap.o)
                0x00000000000106e0                nvioctlNvmap_GetId
 .text.binderCreate
                0x0000000000010720       0x1c /opt/devkitpro/libnx/lib/libnx.a(binder.o)
                0x0000000000010720                binderCreate
 *fill*         0x000000000001073c        0x4 
 .text.binderTransactParcel
                0x0000000000010740      0x3d0 /opt/devkitpro/libnx/lib/libnx.a(binder.o)
                0x0000000000010740                binderTransactParcel
 .text.binderConvertErrorCode
                0x0000000000010b10       0xe8 /opt/devkitpro/libnx/lib/libnx.a(binder.o)
                0x0000000000010b10                binderConvertErrorCode
 *fill*         0x0000000000010bf8        0x8 
 .text.binderAdjustRefcount
                0x0000000000010c00      0x124 /opt/devkitpro/libnx/lib/libnx.a(binder.o)
                0x0000000000010c00                binderAdjustRefcount
 *fill*         0x0000000000010d24        0xc 
 .text.binderInitSession
                0x0000000000010d30       0x98 /opt/devkitpro/libnx/lib/libnx.a(binder.o)
                0x0000000000010d30                binderInitSession
 *fill*         0x0000000000010dc8        0x8 
 .text.binderClose
                0x0000000000010dd0       0x68 /opt/devkitpro/libnx/lib/libnx.a(binder.o)
                0x0000000000010dd0                binderClose
 *fill*         0x0000000000010e38        0x8 
 .text.binderGetNativeHandle
                0x0000000000010e40      0x158 /opt/devkitpro/libnx/lib/libnx.a(binder.o)
                0x0000000000010e40                binderGetNativeHandle
 *fill*         0x0000000000010f98        0x8 
 .text.bqRequestBuffer
                0x0000000000010fa0       0xd8 /opt/devkitpro/libnx/lib/libnx.a(buffer_producer.o)
                0x0000000000010fa0                bqRequestBuffer
 *fill*         0x0000000000011078        0x8 
 .text.bqDequeueBuffer
                0x0000000000011080      0x160 /opt/devkitpro/libnx/lib/libnx.a(buffer_producer.o)
                0x0000000000011080                bqDequeueBuffer
 .text.bqQueueBuffer
                0x00000000000111e0       0xdc /opt/devkitpro/libnx/lib/libnx.a(buffer_producer.o)
                0x00000000000111e0                bqQueueBuffer
 *fill*         0x00000000000112bc        0x4 
 .text.bqCancelBuffer
                0x00000000000112c0       0x94 /opt/devkitpro/libnx/lib/libnx.a(buffer_producer.o)
                0x00000000000112c0                bqCancelBuffer
 *fill*         0x0000000000011354        0xc 
 .text.bqConnect
                0x0000000000011360       0xe4 /opt/devkitpro/libnx/lib/libnx.a(buffer_producer.o)
                0x0000000000011360                bqConnect
 *fill*         0x0000000000011444        0xc 
 .text.bqDisconnect
                0x0000000000011450       0x9c /opt/devkitpro/libnx/lib/libnx.a(buffer_producer.o)
                0x0000000000011450                bqDisconnect
 *fill*         0x00000000000114ec        0x4 
 .text.bqSetPreallocatedBuffer
                0x00000000000114f0      0x17c /opt/devkitpro/libnx/lib/libnx.a(buffer_producer.o)
                0x00000000000114f0                bqSetPreallocatedBuffer
 *fill*         0x000000000001166c        0x4 
 .text.parcelCreate
                0x0000000000011670       0x30 /opt/devkitpro/libnx/lib/libnx.a(parcel.o)
                0x0000000000011670                parcelCreate
 .text.parcelTransact
                0x00000000000116a0      0x19c /opt/devkitpro/libnx/lib/libnx.a(parcel.o)
                0x00000000000116a0                parcelTransact
 *fill*         0x000000000001183c        0x4 
 .text.parcelWriteData
                0x0000000000011840       0x88 /opt/devkitpro/libnx/lib/libnx.a(parcel.o)
                0x0000000000011840                parcelWriteData
 *fill*         0x00000000000118c8        0x8 
 .text.parcelReadData
                0x00000000000118d0       0x98 /opt/devkitpro/libnx/lib/libnx.a(parcel.o)
                0x00000000000118d0                parcelReadData
 *fill*         0x0000000000011968        0x8 
 .text.parcelWriteInt32
                0x0000000000011970       0x20 /opt/devkitpro/libnx/lib/libnx.a(parcel.o)
                0x0000000000011970                parcelWriteInt32
 .text.parcelWriteUInt32
                0x0000000000011990       0x20 /opt/devkitpro/libnx/lib/libnx.a(parcel.o)
                0x0000000000011990                parcelWriteUInt32
 .text.parcelWriteString16
                0x00000000000119b0       0x7c /opt/devkitpro/libnx/lib/libnx.a(parcel.o)
                0x00000000000119b0                parcelWriteString16
 *fill*         0x0000000000011a2c        0x4 
 .text.parcelWriteInterfaceToken
                0x0000000000011a30       0x30 /opt/devkitpro/libnx/lib/libnx.a(parcel.o)
                0x0000000000011a30                parcelWriteInterfaceToken
 .text.parcelReadInt32
                0x0000000000011a60       0x24 /opt/devkitpro/libnx/lib/libnx.a(parcel.o)
                0x0000000000011a60                parcelReadInt32
 *fill*         0x0000000000011a84        0xc 
 .text.parcelReadFlattenedObject
                0x0000000000011a90       0x68 /opt/devkitpro/libnx/lib/libnx.a(parcel.o)
                0x0000000000011a90                parcelReadFlattenedObject
 *fill*         0x0000000000011af8        0x8 
 .text.parcelWriteFlattenedObject
                0x0000000000011b00       0x4c /opt/devkitpro/libnx/lib/libnx.a(parcel.o)
                0x0000000000011b00                parcelWriteFlattenedObject
 *fill*         0x0000000000011b4c        0x4 
 .text.sessionmgrCreate
                0x0000000000011b50      0x178 /opt/devkitpro/libnx/lib/libnx.a(sessionmgr.o)
                0x0000000000011b50                sessionmgrCreate
 *fill*         0x0000000000011cc8        0x8 
 .text.sessionmgrClose
                0x0000000000011cd0       0x84 /opt/devkitpro/libnx/lib/libnx.a(sessionmgr.o)
                0x0000000000011cd0                sessionmgrClose
 *fill*         0x0000000000011d54        0xc 
 .text.sessionmgrAttachClient
                0x0000000000011d60       0xb4 /opt/devkitpro/libnx/lib/libnx.a(sessionmgr.o)
                0x0000000000011d60                sessionmgrAttachClient
 *fill*         0x0000000000011e14        0xc 
 .text.sessionmgrDetachClient
                0x0000000000011e20       0x70 /opt/devkitpro/libnx/lib/libnx.a(sessionmgr.o)
                0x0000000000011e20                sessionmgrDetachClient
 .text.setenv   0x0000000000011e90       0x3c /opt/devkitpro/devkitA64/bin/../lib/gcc/aarch64-none-elf/13.2.0/../../../../aarch64-none-elf/lib/pic/libg.a(libc_a-setenv.o)
                0x0000000000011e90                setenv
 *fill*         0x0000000000011ecc        0x4 
 .text.putchar  0x0000000000011ed0       0x28 /opt/devkitpro/devkitA64/bin/../lib/gcc/aarch64-none-elf/13.2.0/../../../../aarch64-none-elf/lib/pic/libg.a(libc_a-putchar.o)
                0x0000000000011ed0                putchar
 *fill*         0x0000000000011ef8        0x8 
 .text.rename   0x0000000000011f00       0x2c /opt/devkitpro/devkitA64/bin/../lib/gcc/aarch64-none-elf/13.2.0/../../../../aarch64-none-elf/lib/pic/libg.a(libc_a-rename.o)
                0x0000000000011f00                rename
 *fill*         0x0000000000011f2c        0x4 
 .text._strtoul_l.isra.0
                0x0000000000011f30      0x1a8 /opt/devkitpro/devkitA64/bin/../lib/gcc/aarch64-none-elf/13.2.0/../../../../aarch64-none-elf/lib/pic/libg.a(libc_a-strtoul.o)
 *fill*         0x00000000000120d8        0x8 
 .text._strtoul_r
                0x00000000000120e0       0x44 /opt/devkitpro/devkitA64/bin/../lib/gcc/aarch64-none-elf/13.2.0/../../../../aarch64-none-elf/lib/pic/libg.a(libc_a-strtoul.o)
                0x00000000000120e0                _strtoul_r
 *fill*         0x0000000000012124        0xc 
 .text.strtoul  0x0000000000012130       0x48 /opt/devkitpro/devkitA64/bin/../lib/gcc/aarch64-none-elf/13.2.0/../../../../aarch64-none-elf/lib/pic/libg.a(libc_a-strtoul.o)
                0x0000000000012130                strtoul
 *fill*         0x0000000000012178        0x8 
 .text          0x0000000000012180      0x130 /opt/devkitpro/devkitA64/bin/../lib/gcc/aarch64-none-elf/13.2.0/../../../../aarch64-none-elf/lib/pic/libg.a(libc_a-strlen.o)
                0x0000000000012180                strlen
 .text.strncat  0x00000000000122b0       0x78 /opt/devkitpro/devkitA64/bin/../lib/gcc/aarch64-none-elf/13.2.0/../../../../aarch64-none-elf/lib/pic/libg.a(libc_a-strncat.o)
                0x00000000000122b0                strncat
 *fill*         0x0000000000012328        0x8 
 .text.bsearch  0x0000000000012330       0xb8 /opt/devkitpro/devkitA64/bin/../lib/gcc/aarch64-none-elf/13.2.0/../../../../aarch64-none-elf/lib/pic/libg.a(libc_a-bsearch.o)
                0x0000000000012330                bsearch
 *fill*         0x00000000000123e8       0x18 
 .text          0x0000000000012400       0xdc /opt/devkitpro/devkitA64/bin/../lib/gcc/aarch64-none-elf/13.2.0/../../../../aarch64-none-elf/lib/pic/libg.a(libc_a-memchr.o)
                0x0000000000012400                memchr
 *fill*         0x00000000000124dc        0x4 
 .text.aligned_alloc
                0x00000000000124e0       0x2c /opt/devkitpro/devkitA64/bin/../lib/gcc/aarch64-none-elf/13.2.0/../../../../aarch64-none-elf/lib/pic/libg.a(libc_a-aligned_alloc.o)
                0x00000000000124e0                aligned_alloc
 *fill*         0x000000000001250c       0x34 
 .text          0x0000000000012540      0x1b4 /opt/devkitpro/devkitA64/bin/../lib/gcc/aarch64-none-elf/13.2.0/../../../../aarch64-none-elf/lib/pic/libg.a(libc_a-strncmp.o)
                0x0000000000012540                strncmp
 *fill*         0x00000000000126f4        0xc 
 .text          0x0000000000012700      0x134 /opt/devkitpro/devkitA64/bin/../lib/gcc/aarch64-none-elf/13.2.0/../../../../aarch64-none-elf/lib/pic/libg.a(libc_a-strcmp.o)
                0x0000000000012700                strcmp
 *fill*         0x0000000000012834        0xc 
 .text          0x0000000000012840       0xb8 /opt/devkitpro/devkitA64/bin/../lib/gcc/aarch64-none-elf/13.2.0/../../../../aarch64-none-elf/lib/pic/libg.a(libc_a-strnlen.o)
                0x0000000000012840                strnlen
 *fill*         0x00000000000128f8        0x8 
 .text.stdio_exit_handler
                0x0000000000012900       0x1c /opt/devkitpro/devkitA64/bin/../lib/gcc/aarch64-none-elf/13.2.0/../../../../aarch64-none-elf/lib/pic/libg.a(libc_a-findfp.o)
 *fill*         0x000000000001291c        0x4 
 .text.cleanup_stdio
                0x0000000000012920       0x6c /opt/devkitpro/devkitA64/bin/../lib/gcc/aarch64-none-elf/13.2.0/../../../../aarch64-none-elf/lib/pic/libg.a(libc_a-findfp.o)
 *fill*         0x000000000001298c        0x4 
 .text.global_stdio_init.part.0
                0x0000000000012990      0x140 /opt/devkitpro/devkitA64/bin/../lib/gcc/aarch64-none-elf/13.2.0/../../../../aarch64-none-elf/lib/pic/libg.a(libc_a-findfp.o)
 .text.__sfp_lock_acquire
                0x0000000000012ad0        0xc /opt/devkitpro/devkitA64/bin/../lib/gcc/aarch64-none-elf/13.2.0/../../../../aarch64-none-elf/lib/pic/libg.a(libc_a-findfp.o)
                0x0000000000012ad0                __sfp_lock_acquire
 *fill*         0x0000000000012adc        0x4 
 .text.__sfp_lock_release
                0x0000000000012ae0        0xc /opt/devkitpro/devkitA64/bin/../lib/gcc/aarch64-none-elf/13.2.0/../../../../aarch64-none-elf/lib/pic/libg.a(libc_a-findfp.o)
                0x0000000000012ae0                __sfp_lock_release
 *fill*         0x0000000000012aec        0x4 
 .text.__sinit  0x0000000000012af0       0x54 /opt/devkitpro/devkitA64/bin/../lib/gcc/aarch64-none-elf/13.2.0/../../../../aarch64-none-elf/lib/pic/libg.a(libc_a-findfp.o)
                0x0000000000012af0                __sinit
 *fill*         0x0000000000012b44        0xc 
 .text._malloc_r
                0x0000000000012b50      0x80c /opt/devkitpro/devkitA64/bin/../lib/gcc/aarch64-none-elf/13.2.0/../../../../aarch64-none-elf/lib/pic/libg.a(libc_a-mallocr.o)
                0x0000000000012b50                _malloc_r
 *fill*         0x000000000001335c        0x4 
 .text._putc_r  0x0000000000013360       0xe0 /opt/devkitpro/devkitA64/bin/../lib/gcc/aarch64-none-elf/13.2.0/../../../../aarch64-none-elf/lib/pic/libg.a(libc_a-putc.o)
                0x0000000000013360                _putc_r
 .text          0x0000000000013440      0x22c /opt/devkitpro/devkitA64/bin/../lib/gcc/aarch64-none-elf/13.2.0/../../../../aarch64-none-elf/lib/pic/libg.a(libc_a-memcpy.o)
                0x0000000000013440                memmove
                0x0000000000013440                memcpy
 *fill*         0x000000000001366c        0x4 
 .text._malloc_trim_r
                0x0000000000013670      0x124 /opt/devkitpro/devkitA64/bin/../lib/gcc/aarch64-none-elf/13.2.0/../../../../aarch64-none-elf/lib/pic/libg.a(libc_a-freer.o)
                0x0000000000013670                _malloc_trim_r
 *fill*         0x0000000000013794        0xc 
 .text._free_r  0x00000000000137a0      0x2d8 /opt/devkitpro/devkitA64/bin/../lib/gcc/aarch64-none-elf/13.2.0/../../../../aarch64-none-elf/lib/pic/libg.a(libc_a-freer.o)
                0x00000000000137a0                _free_r
 *fill*         0x0000000000013a78        0x8 
 .text.setvbuf  0x0000000000013a80      0x250 /opt/devkitpro/devkitA64/bin/../lib/gcc/aarch64-none-elf/13.2.0/../../../../aarch64-none-elf/lib/pic/libg.a(libc_a-setvbuf.o)
                0x0000000000013a80                setvbuf
 .text.__errno  0x0000000000013cd0       0x14 /opt/devkitpro/devkitA64/bin/../lib/gcc/aarch64-none-elf/13.2.0/../../../../aarch64-none-elf/lib/pic/libg.a(libc_a-errno.o)
                0x0000000000013cd0                __errno
 *fill*         0x0000000000013ce4        0xc 
 .text.malloc   0x0000000000013cf0       0x24 /opt/devkitpro/devkitA64/bin/../lib/gcc/aarch64-none-elf/13.2.0/../../../../aarch64-none-elf/lib/pic/libg.a(libc_a-malloc.o)
                0x0000000000013cf0                malloc
 *fill*         0x0000000000013d14        0xc 
 .text.free     0x0000000000013d20       0x24 /opt/devkitpro/devkitA64/bin/../lib/gcc/aarch64-none-elf/13.2.0/../../../../aarch64-none-elf/lib/pic/libg.a(libc_a-malloc.o)
                0x0000000000013d20                free
 *fill*         0x0000000000013d44        0xc 
 .text.printf   0x0000000000013d50       0x84 /opt/devkitpro/devkitA64/bin/../lib/gcc/aarch64-none-elf/13.2.0/../../../../aarch64-none-elf/lib/pic/libg.a(libc_a-printf.o)
                0x0000000000013d50                printf
 *fill*         0x0000000000013dd4        0xc 
 .text.sscanf   0x0000000000013de0       0xc0 /opt/devkitpro/devkitA64/bin/../lib/gcc/aarch64-none-elf/13.2.0/../../../../aarch64-none-elf/lib/pic/libg.a(libc_a-sscanf.o)
                0x0000000000013de0                sscanf
 .text._puts_r  0x0000000000013ea0       0xd0 /opt/devkitpro/devkitA64/bin/../lib/gcc/aarch64-none-elf/13.2.0/../../../../aarch64-none-elf/lib/pic/libg.a(libc_a-puts.o)
                0x0000000000013ea0                _puts_r
 .text.puts     0x0000000000013f70       0x24 /opt/devkitpro/devkitA64/bin/../lib/gcc/aarch64-none-elf/13.2.0/../../../../aarch64-none-elf/lib/pic/libg.a(libc_a-puts.o)
                0x0000000000013f70                puts
 *fill*         0x0000000000013f94        0xc 
 .text.gmtime   0x0000000000013fa0       0x2c /opt/devkitpro/devkitA64/bin/../lib/gcc/aarch64-none-elf/13.2.0/../../../../aarch64-none-elf/lib/pic/libg.a(libc_a-gmtime.o)
                0x0000000000013fa0                gmtime
 *fill*         0x0000000000013fcc        0x4 
 .text._fwalk_sglue
                0x0000000000013fd0       0xa0 /opt/devkitpro/devkitA64/bin/../lib/gcc/aarch64-none-elf/13.2.0/../../../../aarch64-none-elf/lib/pic/libg.a(libc_a-fwalk.o)
                0x0000000000013fd0                _fwalk_sglue
 .text.__malloc_lock
                0x0000000000014070        0xc /opt/devkitpro/devkitA64/bin/../lib/gcc/aarch64-none-elf/13.2.0/../../../../aarch64-none-elf/lib/pic/libg.a(libc_a-mlock.o)
                0x0000000000014070                __malloc_lock
 *fill*         0x000000000001407c        0x4 
 .text.__malloc_unlock
                0x0000000000014080        0xc /opt/devkitpro/devkitA64/bin/../lib/gcc/aarch64-none-elf/13.2.0/../../../../aarch64-none-elf/lib/pic/libg.a(libc_a-mlock.o)
                0x0000000000014080                __malloc_unlock
 *fill*         0x000000000001408c       0x34 
 .text          0x00000000000140c0      0x104 /opt/devkitpro/devkitA64/bin/../lib/gcc/aarch64-none-elf/13.2.0/../../../../aarch64-none-elf/lib/pic/libg.a(libc_a-memset.o)
                0x00000000000140c0                memset
 *fill*         0x00000000000141c4        0xc 
 .text._setenv_r
                0x00000000000141d0      0x254 /opt/devkitpro/devkitA64/bin/../lib/gcc/aarch64-none-elf/13.2.0/../../../../aarch64-none-elf/lib/pic/libg.a(libc_a-setenv_r.o)
                0x00000000000141d0                _setenv_r
 *fill*         0x0000000000014424        0xc 
 .text.stat     0x0000000000014430       0x2c /opt/devkitpro/devkitA64/bin/../lib/gcc/aarch64-none-elf/13.2.0/../../../../aarch64-none-elf/lib/pic/libg.a(libc_a-sysstat.o)
                0x0000000000014430                stat
 *fill*         0x000000000001445c        0x4 
 .text.__call_exitprocs
                0x0000000000014460        0x4 /opt/devkitpro/devkitA64/bin/../lib/gcc/aarch64-none-elf/13.2.0/../../../../aarch64-none-elf/lib/pic/libg.a(libc_a-exit.o)
                0x0000000000014460                __call_exitprocs
 .text.get_arg  0x0000000000014464       0x74 /opt/devkitpro/devkitA64/bin/../lib/gcc/aarch64-none-elf/13.2.0/../../../../aarch64-none-elf/lib/pic/libg.a(libc_a-svfscanf.o)
 .text.__ssvfscanf_r
                0x00000000000144d8     0x2fdc /opt/devkitpro/devkitA64/bin/../lib/gcc/aarch64-none-elf/13.2.0/../../../../aarch64-none-elf/lib/pic/libg.a(libc_a-svfscanf.o)
                0x00000000000144d8                __ssvfscanf_r
 *fill*         0x00000000000174b4        0xc 
 .text.strncpy  0x00000000000174c0       0x90 /opt/devkitpro/devkitA64/bin/../lib/gcc/aarch64-none-elf/13.2.0/../../../../aarch64-none-elf/lib/pic/libg.a(libc_a-strncpy.o)
                0x00000000000174c0                strncpy
 .text._strtoull_l.isra.0
                0x0000000000017550      0x1a8 /opt/devkitpro/devkitA64/bin/../lib/gcc/aarch64-none-elf/13.2.0/../../../../aarch64-none-elf/lib/pic/libg.a(libc_a-strtoull.o)
 *fill*         0x00000000000176f8        0x8 
 .text._strtoull_r
                0x0000000000017700       0x44 /opt/devkitpro/devkitA64/bin/../lib/gcc/aarch64-none-elf/13.2.0/../../../../aarch64-none-elf/lib/pic/libg.a(libc_a-strtoull.o)
                0x0000000000017700                _strtoull_r
 *fill*         0x0000000000017744        0xc 
 .text._mbrtowc_r
                0x0000000000017750       0xf0 /opt/devkitpro/devkitA64/bin/../lib/gcc/aarch64-none-elf/13.2.0/../../../../aarch64-none-elf/lib/pic/libg.a(libc_a-mbrtowc.o)
                0x0000000000017750                _mbrtowc_r
 .text.__libc_init_array
                0x0000000000017840       0x94 /opt/devkitpro/devkitA64/bin/../lib/gcc/aarch64-none-elf/13.2.0/../../../../aarch64-none-elf/lib/pic/libg.a(libc_a-init.o)
                0x0000000000017840                __libc_init_array
 *fill*         0x00000000000178d4        0xc 
 .text.__sflush_r
                0x00000000000178e0      0x200 /opt/devkitpro/devkitA64/bin/../lib/gcc/aarch64-none-elf/13.2.0/../../../../aarch64-none-elf/lib/pic/libg.a(libc_a-fflush.o)
                0x00000000000178e0                __sflush_r
 .text._fflush_r
                0x0000000000017ae0       0xb8 /opt/devkitpro/devkitA64/bin/../lib/gcc/aarch64-none-elf/13.2.0/../../../../aarch64-none-elf/lib/pic/libg.a(libc_a-fflush.o)
                0x0000000000017ae0                _fflush_r
 *fill*         0x0000000000017b98        0x8 
 .text.nanf     0x0000000000017ba0        0xc /opt/devkitpro/devkitA64/bin/../lib/gcc/aarch64-none-elf/13.2.0/../../../../aarch64-none-elf/lib/pic/libg.a(libm_a-sf_nan.o)
                0x0000000000017ba0                nanf
 *fill*         0x0000000000017bac        0x4 
 .text.__env_lock
                0x0000000000017bb0        0xc /opt/devkitpro/devkitA64/bin/../lib/gcc/aarch64-none-elf/13.2.0/../../../../aarch64-none-elf/lib/pic/libg.a(libc_a-envlock.o)
                0x0000000000017bb0                __env_lock
 *fill*         0x0000000000017bbc        0x4 
 .text.__env_unlock
                0x0000000000017bc0        0xc /opt/devkitpro/devkitA64/bin/../lib/gcc/aarch64-none-elf/13.2.0/../../../../aarch64-none-elf/lib/pic/libg.a(libc_a-envlock.o)
                0x0000000000017bc0                __env_unlock
 *fill*         0x0000000000017bcc        0x4 
 .text.__sfvwrite_r
                0x0000000000017bd0      0x4cc /opt/devkitpro/devkitA64/bin/../lib/gcc/aarch64-none-elf/13.2.0/../../../../aarch64-none-elf/lib/pic/libg.a(libc_a-fvwrite.o)
                0x0000000000017bd0                __sfvwrite_r
 *fill*         0x000000000001809c        0x4 
 .text._strtoll_l.isra.0
                0x00000000000180a0      0x18c /opt/devkitpro/devkitA64/bin/../lib/gcc/aarch64-none-elf/13.2.0/../../../../aarch64-none-elf/lib/pic/libg.a(libc_a-strtoll.o)
 *fill*         0x000000000001822c        0x4 
 .text._strtoll_r
                0x0000000000018230       0x44 /opt/devkitpro/devkitA64/bin/../lib/gcc/aarch64-none-elf/13.2.0/../../../../aarch64-none-elf/lib/pic/libg.a(libc_a-strtoll.o)
                0x0000000000018230                _strtoll_r
 *fill*         0x0000000000018274        0xc 
 .text.__locale_mb_cur_max
                0x0000000000018280       0x2c /opt/devkitpro/devkitA64/bin/../lib/gcc/aarch64-none-elf/13.2.0/../../../../aarch64-none-elf/lib/pic/libg.a(libc_a-locale.o)
                0x0000000000018280                __locale_mb_cur_max
 *fill*         0x00000000000182ac        0x4 
 .text.sulp     0x00000000000182b0       0x54 /opt/devkitpro/devkitA64/bin/../lib/gcc/aarch64-none-elf/13.2.0/../../../../aarch64-none-elf/lib/pic/libg.a(libc_a-strtod.o)
 *fill*         0x0000000000018304        0xc 
 .text._strtod_l
                0x0000000000018310     0x1184 /opt/devkitpro/devkitA64/bin/../lib/gcc/aarch64-none-elf/13.2.0/../../../../aarch64-none-elf/lib/pic/libg.a(libc_a-strtod.o)
                0x0000000000018310                _strtod_l
 *fill*         0x0000000000019494        0xc 
 .text._strtod_r
                0x00000000000194a0       0x50 /opt/devkitpro/devkitA64/bin/../lib/gcc/aarch64-none-elf/13.2.0/../../../../aarch64-none-elf/lib/pic/libg.a(libc_a-strtod.o)
                0x00000000000194a0                _strtod_r
 .text.gmtime_r
                0x00000000000194f0      0x2a0 /opt/devkitpro/devkitA64/bin/../lib/gcc/aarch64-none-elf/13.2.0/../../../../aarch64-none-elf/lib/pic/libg.a(libc_a-gmtime_r.o)
                0x00000000000194f0                gmtime_r
 .text.sprintf  0x0000000000019790       0xac /opt/devkitpro/devkitA64/bin/../lib/gcc/aarch64-none-elf/13.2.0/../../../../aarch64-none-elf/lib/pic/libg.a(libc_a-sprintf.o)
                0x0000000000019790                sprintf
 *fill*         0x000000000001983c        0x4 
 .text._memalign_r
                0x0000000000019840      0x180 /opt/devkitpro/devkitA64/bin/../lib/gcc/aarch64-none-elf/13.2.0/../../../../aarch64-none-elf/lib/pic/libg.a(libc_a-malignr.o)
                0x0000000000019840                _memalign_r
 .text.__swbuf_r
                0x00000000000199c0      0x118 /opt/devkitpro/devkitA64/bin/../lib/gcc/aarch64-none-elf/13.2.0/../../../../aarch64-none-elf/lib/pic/libg.a(libc_a-wbuf.o)
                0x00000000000199c0                __swbuf_r
 .text._sungetc_r
                0x0000000000019ad8       0xf0 /opt/devkitpro/devkitA64/bin/../lib/gcc/aarch64-none-elf/13.2.0/../../../../aarch64-none-elf/lib/pic/libg.a(libc_a-svfiscanf.o)
                0x0000000000019ad8                _sungetc_r
 .text.__ssrefill_r
                0x0000000000019bc8       0x70 /opt/devkitpro/devkitA64/bin/../lib/gcc/aarch64-none-elf/13.2.0/../../../../aarch64-none-elf/lib/pic/libg.a(libc_a-svfiscanf.o)
                0x0000000000019bc8                __ssrefill_r
 .text._sfread_r
                0x0000000000019c38       0xe0 /opt/devkitpro/devkitA64/bin/../lib/gcc/aarch64-none-elf/13.2.0/../../../../aarch64-none-elf/lib/pic/libg.a(libc_a-svfiscanf.o)
                0x0000000000019c38                _sfread_r
 *fill*         0x0000000000019d18        0x8 
 .text.rshift   0x0000000000019d20      0x118 /opt/devkitpro/devkitA64/bin/../lib/gcc/aarch64-none-elf/13.2.0/../../../../aarch64-none-elf/lib/pic/libg.a(libc_a-gdtoa-gethex.o)
 *fill*         0x0000000000019e38        0x8 
 .text.__gethex
                0x0000000000019e40      0x814 /opt/devkitpro/devkitA64/bin/../lib/gcc/aarch64-none-elf/13.2.0/../../../../aarch64-none-elf/lib/pic/libg.a(libc_a-gdtoa-gethex.o)
                0x0000000000019e40                __gethex
 *fill*         0x000000000001a654        0xc 
 .text.__utf8_mbtowc
                0x000000000001a660      0x2b8 /opt/devkitpro/devkitA64/bin/../lib/gcc/aarch64-none-elf/13.2.0/../../../../aarch64-none-elf/lib/pic/libg.a(libc_a-mbtowc_r.o)
                0x000000000001a660                __utf8_mbtowc
 *fill*         0x000000000001a918        0x8 
 .text.__libc_fini_array
                0x000000000001a920       0x44 /opt/devkitpro/devkitA64/bin/../lib/gcc/aarch64-none-elf/13.2.0/../../../../aarch64-none-elf/lib/pic/libg.a(libc_a-fini.o)
                0x000000000001a920                __libc_fini_array
 *fill*         0x000000000001a964       0x1c 
 .text          0x000000000001a980       0xcc /opt/devkitpro/devkitA64/bin/../lib/gcc/aarch64-none-elf/13.2.0/../../../../aarch64-none-elf/lib/pic/libg.a(libc_a-strchr.o)
                0x000000000001a980                strchr
 *fill*         0x000000000001aa4c        0x4 
 .text.__sread  0x000000000001aa50       0x50 /opt/devkitpro/devkitA64/bin/../lib/gcc/aarch64-none-elf/13.2.0/../../../../aarch64-none-elf/lib/pic/libg.a(libc_a-stdio.o)
                0x000000000001aa50                __sread
 .text.__seofread
                0x000000000001aaa0        0x8 /opt/devkitpro/devkitA64/bin/../lib/gcc/aarch64-none-elf/13.2.0/../../../../aarch64-none-elf/lib/pic/libg.a(libc_a-stdio.o)
                0x000000000001aaa0                __seofread
 *fill*         0x000000000001aaa8        0x8 
 .text.__swrite
                0x000000000001aab0       0x6c /opt/devkitpro/devkitA64/bin/../lib/gcc/aarch64-none-elf/13.2.0/../../../../aarch64-none-elf/lib/pic/libg.a(libc_a-stdio.o)
                0x000000000001aab0                __swrite
 *fill*         0x000000000001ab1c        0x4 
 .text.__sseek  0x000000000001ab20       0x50 /opt/devkitpro/devkitA64/bin/../lib/gcc/aarch64-none-elf/13.2.0/../../../../aarch64-none-elf/lib/pic/libg.a(libc_a-stdio.o)
                0x000000000001ab20                __sseek
 .text.__sclose
                0x000000000001ab70        0x8 /opt/devkitpro/devkitA64/bin/../lib/gcc/aarch64-none-elf/13.2.0/../../../../aarch64-none-elf/lib/pic/libg.a(libc_a-stdio.o)
                0x000000000001ab70                __sclose
 *fill*         0x000000000001ab78        0x8 
 .text.iswspace
                0x000000000001ab80        0x8 /opt/devkitpro/devkitA64/bin/../lib/gcc/aarch64-none-elf/13.2.0/../../../../aarch64-none-elf/lib/pic/libg.a(libc_a-iswspace.o)
                0x000000000001ab80                iswspace
 *fill*         0x000000000001ab88        0x8 
 .text.__sccl   0x000000000001ab90       0xd4 /opt/devkitpro/devkitA64/bin/../lib/gcc/aarch64-none-elf/13.2.0/../../../../aarch64-none-elf/lib/pic/libg.a(libc_a-sccl.o)
                0x000000000001ab90                __sccl
 *fill*         0x000000000001ac64        0xc 
 .text._fclose_r
                0x000000000001ac70      0x138 /opt/devkitpro/devkitA64/bin/../lib/gcc/aarch64-none-elf/13.2.0/../../../../aarch64-none-elf/lib/pic/libg.a(libc_a-fclose.o)
                0x000000000001ac70                _fclose_r
 *fill*         0x000000000001ada8        0x8 
 .text.__localeconv_l
                0x000000000001adb0        0x8 /opt/devkitpro/devkitA64/bin/../lib/gcc/aarch64-none-elf/13.2.0/../../../../aarch64-none-elf/lib/pic/libg.a(libc_a-localeconv.o)
                0x000000000001adb0                __localeconv_l
 *fill*         0x000000000001adb8        0x8 
 .text._localeconv_r
                0x000000000001adc0       0x28 /opt/devkitpro/devkitA64/bin/../lib/gcc/aarch64-none-elf/13.2.0/../../../../aarch64-none-elf/lib/pic/libg.a(libc_a-localeconv.o)
                0x000000000001adc0                _localeconv_r
 .text.get_arg  0x000000000001ade8      0x804 /opt/devkitpro/devkitA64/bin/../lib/gcc/aarch64-none-elf/13.2.0/../../../../aarch64-none-elf/lib/pic/libg.a(libc_a-vfprintf.o)
 .text._vfprintf_r
                0x000000000001b5ec     0x3c04 /opt/devkitpro/devkitA64/bin/../lib/gcc/aarch64-none-elf/13.2.0/../../../../aarch64-none-elf/lib/pic/libg.a(libc_a-vfprintf.o)
                0x000000000001b5ec                _vfprintf_r
 .text.__sbprintf
                0x000000000001f1f0       0xd0 /opt/devkitpro/devkitA64/bin/../lib/gcc/aarch64-none-elf/13.2.0/../../../../aarch64-none-elf/lib/pic/libg.a(libc_a-vfprintf.o)
 .text.__swhatbuf_r
                0x000000000001f2c0       0x94 /opt/devkitpro/devkitA64/bin/../lib/gcc/aarch64-none-elf/13.2.0/../../../../aarch64-none-elf/lib/pic/libg.a(libc_a-makebuf.o)
                0x000000000001f2c0                __swhatbuf_r
 *fill*         0x000000000001f354        0xc 
 .text.__smakebuf_r
                0x000000000001f360      0x104 /opt/devkitpro/devkitA64/bin/../lib/gcc/aarch64-none-elf/13.2.0/../../../../aarch64-none-elf/lib/pic/libg.a(libc_a-makebuf.o)
                0x000000000001f360                __smakebuf_r
 *fill*         0x000000000001f464        0xc 
 .text.realloc  0x000000000001f470       0x2c /opt/devkitpro/devkitA64/bin/../lib/gcc/aarch64-none-elf/13.2.0/../../../../aarch64-none-elf/lib/pic/libg.a(libc_a-realloc.o)
                0x000000000001f470                realloc
 *fill*         0x000000000001f49c        0x4 
 .text.quorem   0x000000000001f4a0      0x1a4 /opt/devkitpro/devkitA64/bin/../lib/gcc/aarch64-none-elf/13.2.0/../../../../aarch64-none-elf/lib/pic/libg.a(libc_a-dtoa.o)
 *fill*         0x000000000001f644        0xc 
 .text._dtoa_r  0x000000000001f650     0x1198 /opt/devkitpro/devkitA64/bin/../lib/gcc/aarch64-none-elf/13.2.0/../../../../aarch64-none-elf/lib/pic/libg.a(libc_a-dtoa.o)
                0x000000000001f650                _dtoa_r
 *fill*         0x00000000000207e8        0x8 
 .text._wcrtomb_r
                0x00000000000207f0       0xd8 /opt/devkitpro/devkitA64/bin/../lib/gcc/aarch64-none-elf/13.2.0/../../../../aarch64-none-elf/lib/pic/libg.a(libc_a-wcrtomb.o)
                0x00000000000207f0                _wcrtomb_r
 .text.get_arg  0x00000000000208c8      0x804 /opt/devkitpro/devkitA64/bin/../lib/gcc/aarch64-none-elf/13.2.0/../../../../aarch64-none-elf/lib/pic/libg.a(libc_a-svfprintf.o)
 .text._svfprintf_r
                0x00000000000210cc     0x3bac /opt/devkitpro/devkitA64/bin/../lib/gcc/aarch64-none-elf/13.2.0/../../../../aarch64-none-elf/lib/pic/libg.a(libc_a-svfprintf.o)
                0x00000000000210cc                _svfprintf_r
 *fill*         0x0000000000024c78        0x8 
 .text._strtol_l.part.0
                0x0000000000024c80      0x18c /opt/devkitpro/devkitA64/bin/../lib/gcc/aarch64-none-elf/13.2.0/../../../../aarch64-none-elf/lib/pic/libg.a(libc_a-strtol.o)
 *fill*         0x0000000000024e0c        0x4 
 .text._strtol_r
                0x0000000000024e10       0x70 /opt/devkitpro/devkitA64/bin/../lib/gcc/aarch64-none-elf/13.2.0/../../../../aarch64-none-elf/lib/pic/libg.a(libc_a-strtol.o)
                0x0000000000024e10                _strtol_r
 .text._findenv_r
                0x0000000000024e80       0xfc /opt/devkitpro/devkitA64/bin/../lib/gcc/aarch64-none-elf/13.2.0/../../../../aarch64-none-elf/lib/pic/libg.a(libc_a-getenv_r.o)
                0x0000000000024e80                _findenv_r
 *fill*         0x0000000000024f7c        0x4 